Archive member included to satisfy reference by file (symbol)

/root/Downloads/arm-gnu-toolchain-13.2.Rel1-x86_64-arm-none-eabi/bin/../lib/gcc/arm-none-eabi/13.2.1/../../../../arm-none-eabi/lib/thumb/v7e-m+dp/hard/libm.a(libm_a-wf_sqrt.o)
                              src/newvotrax.o (sqrtf)
/root/Downloads/arm-gnu-toolchain-13.2.Rel1-x86_64-arm-none-eabi/bin/../lib/gcc/arm-none-eabi/13.2.1/../../../../arm-none-eabi/lib/thumb/v7e-m+dp/hard/libm.a(libm_a-sf_tan.o)
                              src/newvotrax.o (tanf)
/root/Downloads/arm-gnu-toolchain-13.2.Rel1-x86_64-arm-none-eabi/bin/../lib/gcc/arm-none-eabi/13.2.1/../../../../arm-none-eabi/lib/thumb/v7e-m+dp/hard/libm.a(libm_a-exp.o)
                              src/lfgen.o (exp)
/root/Downloads/arm-gnu-toolchain-13.2.Rel1-x86_64-arm-none-eabi/bin/../lib/gcc/arm-none-eabi/13.2.1/../../../../arm-none-eabi/lib/thumb/v7e-m+dp/hard/libm.a(libm_a-exp_data.o)
                              /root/Downloads/arm-gnu-toolchain-13.2.Rel1-x86_64-arm-none-eabi/bin/../lib/gcc/arm-none-eabi/13.2.1/../../../../arm-none-eabi/lib/thumb/v7e-m+dp/hard/libm.a(libm_a-exp.o) (__exp_data)
/root/Downloads/arm-gnu-toolchain-13.2.Rel1-x86_64-arm-none-eabi/bin/../lib/gcc/arm-none-eabi/13.2.1/../../../../arm-none-eabi/lib/thumb/v7e-m+dp/hard/libm.a(libm_a-math_err.o)
                              /root/Downloads/arm-gnu-toolchain-13.2.Rel1-x86_64-arm-none-eabi/bin/../lib/gcc/arm-none-eabi/13.2.1/../../../../arm-none-eabi/lib/thumb/v7e-m+dp/hard/libm.a(libm_a-exp.o) (__math_uflow)
/root/Downloads/arm-gnu-toolchain-13.2.Rel1-x86_64-arm-none-eabi/bin/../lib/gcc/arm-none-eabi/13.2.1/../../../../arm-none-eabi/lib/thumb/v7e-m+dp/hard/libm.a(libm_a-log.o)
                              src/lfgen.o (log)
/root/Downloads/arm-gnu-toolchain-13.2.Rel1-x86_64-arm-none-eabi/bin/../lib/gcc/arm-none-eabi/13.2.1/../../../../arm-none-eabi/lib/thumb/v7e-m+dp/hard/libm.a(libm_a-log_data.o)
                              /root/Downloads/arm-gnu-toolchain-13.2.Rel1-x86_64-arm-none-eabi/bin/../lib/gcc/arm-none-eabi/13.2.1/../../../../arm-none-eabi/lib/thumb/v7e-m+dp/hard/libm.a(libm_a-log.o) (__log_data)
/root/Downloads/arm-gnu-toolchain-13.2.Rel1-x86_64-arm-none-eabi/bin/../lib/gcc/arm-none-eabi/13.2.1/../../../../arm-none-eabi/lib/thumb/v7e-m+dp/hard/libm.a(libm_a-sf_exp.o)
                              src/nvp.o (expf)
/root/Downloads/arm-gnu-toolchain-13.2.Rel1-x86_64-arm-none-eabi/bin/../lib/gcc/arm-none-eabi/13.2.1/../../../../arm-none-eabi/lib/thumb/v7e-m+dp/hard/libm.a(libm_a-sf_exp2_data.o)
                              /root/Downloads/arm-gnu-toolchain-13.2.Rel1-x86_64-arm-none-eabi/bin/../lib/gcc/arm-none-eabi/13.2.1/../../../../arm-none-eabi/lib/thumb/v7e-m+dp/hard/libm.a(libm_a-sf_exp.o) (__exp2f_data)
/root/Downloads/arm-gnu-toolchain-13.2.Rel1-x86_64-arm-none-eabi/bin/../lib/gcc/arm-none-eabi/13.2.1/../../../../arm-none-eabi/lib/thumb/v7e-m+dp/hard/libm.a(libm_a-w_sqrt.o)
                              src/lfgen2.o (sqrt)
/root/Downloads/arm-gnu-toolchain-13.2.Rel1-x86_64-arm-none-eabi/bin/../lib/gcc/arm-none-eabi/13.2.1/../../../../arm-none-eabi/lib/thumb/v7e-m+dp/hard/libm.a(libm_a-s_atan.o)
                              src/lfgen.o (atan)
/root/Downloads/arm-gnu-toolchain-13.2.Rel1-x86_64-arm-none-eabi/bin/../lib/gcc/arm-none-eabi/13.2.1/../../../../arm-none-eabi/lib/thumb/v7e-m+dp/hard/libm.a(libm_a-s_cos.o)
                              src/lfgen.o (cos)
/root/Downloads/arm-gnu-toolchain-13.2.Rel1-x86_64-arm-none-eabi/bin/../lib/gcc/arm-none-eabi/13.2.1/../../../../arm-none-eabi/lib/thumb/v7e-m+dp/hard/libm.a(libm_a-k_cos.o)
                              /root/Downloads/arm-gnu-toolchain-13.2.Rel1-x86_64-arm-none-eabi/bin/../lib/gcc/arm-none-eabi/13.2.1/../../../../arm-none-eabi/lib/thumb/v7e-m+dp/hard/libm.a(libm_a-s_cos.o) (__kernel_cos)
/root/Downloads/arm-gnu-toolchain-13.2.Rel1-x86_64-arm-none-eabi/bin/../lib/gcc/arm-none-eabi/13.2.1/../../../../arm-none-eabi/lib/thumb/v7e-m+dp/hard/libm.a(libm_a-k_sin.o)
                              /root/Downloads/arm-gnu-toolchain-13.2.Rel1-x86_64-arm-none-eabi/bin/../lib/gcc/arm-none-eabi/13.2.1/../../../../arm-none-eabi/lib/thumb/v7e-m+dp/hard/libm.a(libm_a-s_cos.o) (__kernel_sin)
/root/Downloads/arm-gnu-toolchain-13.2.Rel1-x86_64-arm-none-eabi/bin/../lib/gcc/arm-none-eabi/13.2.1/../../../../arm-none-eabi/lib/thumb/v7e-m+dp/hard/libm.a(libm_a-s_fabs.o)
                              /root/Downloads/arm-gnu-toolchain-13.2.Rel1-x86_64-arm-none-eabi/bin/../lib/gcc/arm-none-eabi/13.2.1/../../../../arm-none-eabi/lib/thumb/v7e-m+dp/hard/libm.a(libm_a-s_atan.o) (fabs)
/root/Downloads/arm-gnu-toolchain-13.2.Rel1-x86_64-arm-none-eabi/bin/../lib/gcc/arm-none-eabi/13.2.1/../../../../arm-none-eabi/lib/thumb/v7e-m+dp/hard/libm.a(libm_a-kf_tan.o)
[...]
Memory Configuration

Name             Origin             Length             Attributes
RAM_D1           0x20000000         0x00020000         xrw
DTCMRAM          0x24000000         0x00080000         xrw
RAM_D2           0x30000000         0x00048000         xrw
RAM_D3           0x38000000         0x00010000         xrw
ITCMRAM          0x00000000         0x00010000         xrw
FLASH            0x08000000         0x00200000         xr
*default*        0x00000000         0xffffffff

Linker script and memory map

LOAD /root/Downloads/arm-gnu-toolchain-13.2.Rel1-x86_64-arm-none-eabi/bin/../lib/gcc/arm-none-eabi/13.2.1/thumb/v7e-m+dp/hard/crti.o
LOAD /root/Downloads/arm-gnu-toolchain-13.2.Rel1-x86_64-arm-none-eabi/bin/../lib/gcc/arm-none-eabi/13.2.1/thumb/v7e-m+dp/hard/crtbegin.o
LOAD /root/Downloads/arm-gnu-toolchain-13.2.Rel1-x86_64-arm-none-eabi/bin/../lib/gcc/arm-none-eabi/13.2.1/../../../../arm-none-eabi/lib/thumb/v7e-m+dp/hard/crt0.o
LOAD startup_stm32h743xx.o
LOAD src/main.o
LOAD src/wavetable.o
LOAD src/stm32h7xx_it.o
LOAD src/process.o
LOAD src/audio.o
LOAD src/stm32h7xx_hal_msp.o
LOAD src/resources.o
LOAD src/tms5200x.o
LOAD src/samplerate.o
LOAD src/sp0256.o
LOAD src/newvotrax.o
LOAD src/nvp.o
LOAD src/wormed.o
LOAD src/simpleklatt.o
LOAD src/parwave.o
LOAD src/tube.o
LOAD src/raven.o
LOAD src/lfgen.o
LOAD src/lfgen2.o
LOAD src/english2phoneme/parse.o
LOAD src/english2phoneme/saynum.o
LOAD src/english2phoneme/newenglish.o
LOAD src/english2phoneme/phoneme.o
LOAD src/english2phoneme/spellwor.o
LOAD src/rsynth_2005/holmes.o
LOAD src/rsynth_2005/elements.o
LOAD src/rsynth_2005/opsynth.o
LOAD src/rsynth-2.0-port/holmes.o
LOAD src/rsynth-2.0-port/elements.o
LOAD src/rsynth-2.0-port/nsynth.o
LOAD src/rsynth-2.0-port/def_pars.o
LOAD sys/stubs.o
LOAD sys/_sbrk.o
LOAD system_stm32h7xx.o
LOAD /root/Downloads/STM32Cube_FW_H7_V1.11.0//Drivers/STM32H7xx_HAL_Driver/Src/stm32h7xx_hal_gpio.o
LOAD /root/Downloads/STM32Cube_FW_H7_V1.11.0//Drivers/STM32H7xx_HAL_Driver/Src/stm32h7xx_hal_adc.o
LOAD /root/Downloads/STM32Cube_FW_H7_V1.11.0//Drivers/STM32H7xx_HAL_Driver/Src/stm32h7xx_hal_adc_ex.o
LOAD /root/Downloads/STM32Cube_FW_H7_V1.11.0//Drivers/STM32H7xx_HAL_Driver/Src/stm32h7xx_hal_pwr.o
LOAD /root/Downloads/STM32Cube_FW_H7_V1.11.0//Drivers/STM32H7xx_HAL_Driver/Src/stm32h7xx_hal_pwr_ex.o
LOAD /root/Downloads/STM32Cube_FW_H7_V1.11.0//Drivers/STM32H7xx_HAL_Driver/Src/stm32h7xx_hal_rcc.o
LOAD /root/Downloads/STM32Cube_FW_H7_V1.11.0//Drivers/STM32H7xx_HAL_Driver/Src/stm32h7xx_hal_rcc_ex.o
LOAD /root/Downloads/STM32Cube_FW_H7_V1.11.0//Drivers/STM32H7xx_HAL_Driver/Src/stm32h7xx_hal_dma.o
LOAD /root/Downloads/STM32Cube_FW_H7_V1.11.0//Drivers/STM32H7xx_HAL_Driver/Src/stm32h7xx_hal_dma_ex.o
LOAD /root/Downloads/STM32Cube_FW_H7_V1.11.0//Drivers/STM32H7xx_HAL_Driver/Src/stm32h7xx_hal_cortex.o
LOAD /root/Downloads/STM32Cube_FW_H7_V1.11.0//Drivers/STM32H7xx_HAL_Driver/Src/stm32h7xx_hal_exti.o
LOAD /root/Downloads/STM32Cube_FW_H7_V1.11.0//Drivers/STM32H7xx_HAL_Driver/Src/stm32h7xx_hal_i2c.o
LOAD /root/Downloads/STM32Cube_FW_H7_V1.11.0//Drivers/STM32H7xx_HAL_Driver/Src/stm32h7xx_hal_i2c_ex.o
LOAD /root/Downloads/STM32Cube_FW_H7_V1.11.0//Drivers/STM32H7xx_HAL_Driver/Src/stm32h7xx_hal_sai.o
LOAD /root/Downloads/STM32Cube_FW_H7_V1.11.0//Drivers/STM32H7xx_HAL_Driver/Src/stm32h7xx_hal.o
START GROUP
LOAD /root/Downloads/arm-gnu-toolchain-13.2.Rel1-x86_64-arm-none-eabi/bin/../lib/gcc/arm-none-eabi/13.2.1/thumb/v7e-m+dp/hard/libgcc.a
LOAD /root/Downloads/arm-gnu-toolchain-13.2.Rel1-x86_64-arm-none-eabi/bin/../lib/gcc/arm-none-eabi/13.2.1/../../../../arm-none-eabi/lib/thumb/v7e-m+dp/hard/libm.a
LOAD /root/Downloads/arm-gnu-toolchain-13.2.Rel1-x86_64-arm-none-eabi/bin/../lib/gcc/arm-none-eabi/13.2.1/../../../../arm-none-eabi/lib/thumb/v7e-m+dp/hard/libnosys.a
LOAD /root/Downloads/arm-gnu-toolchain-13.2.Rel1-x86_64-arm-none-eabi/bin/../lib/gcc/arm-none-eabi/13.2.1/../../../../arm-none-eabi/lib/thumb/v7e-m+dp/hard/libc_nano.a
LOAD /root/Downloads/arm-gnu-toolchain-13.2.Rel1-x86_64-arm-none-eabi/bin/../lib/gcc/arm-none-eabi/13.2.1/../../../../arm-none-eabi/lib/thumb/v7e-m+dp/hard/libg_nano.a
LOAD /root/Downloads/arm-gnu-toolchain-13.2.Rel1-x86_64-arm-none-eabi/bin/../lib/gcc/arm-none-eabi/13.2.1/../../../../arm-none-eabi/lib/thumb/v7e-m+dp/hard/libstdc++_nano.a
LOAD /root/Downloads/arm-gnu-toolchain-13.2.Rel1-x86_64-arm-none-eabi/bin/../lib/gcc/arm-none-eabi/13.2.1/../../../../arm-none-eabi/lib/thumb/v7e-m+dp/hard/libsupc++_nano.a
END GROUP
START GROUP
LOAD /root/Downloads/arm-gnu-toolchain-13.2.Rel1-x86_64-arm-none-eabi/bin/../lib/gcc/arm-none-eabi/13.2.1/thumb/v7e-m+dp/hard/libgcc.a
LOAD /root/Downloads/arm-gnu-toolchain-13.2.Rel1-x86_64-arm-none-eabi/bin/../lib/gcc/arm-none-eabi/13.2.1/../../../../arm-none-eabi/lib/thumb/v7e-m+dp/hard/libc_nano.a
END GROUP
START GROUP
LOAD /root/Downloads/arm-gnu-toolchain-13.2.Rel1-x86_64-arm-none-eabi/bin/../lib/gcc/arm-none-eabi/13.2.1/thumb/v7e-m+dp/hard/libgcc.a
LOAD /root/Downloads/arm-gnu-toolchain-13.2.Rel1-x86_64-arm-none-eabi/bin/../lib/gcc/arm-none-eabi/13.2.1/../../../../arm-none-eabi/lib/thumb/v7e-m+dp/hard/libc_nano.a
END GROUP
LOAD /root/Downloads/arm-gnu-toolchain-13.2.Rel1-x86_64-arm-none-eabi/bin/../lib/gcc/arm-none-eabi/13.2.1/thumb/v7e-m+dp/hard/crtend.o
LOAD /root/Downloads/arm-gnu-toolchain-13.2.Rel1-x86_64-arm-none-eabi/bin/../lib/gcc/arm-none-eabi/13.2.1/thumb/v7e-m+dp/hard/crtn.o
                0x24080000                        _estack = 0x24080000
                0x00001000                        _Min_Heap_Size = 0x1000
                0x00001000                        _Min_Stack_Size = 0x1000

.isr_vector     0x08000000      0x298
                0x08000000                        . = ALIGN (0x4)
 *(.isr_vector)
 .isr_vector    0x08000000      0x298 startup_stm32h743xx.o
                0x08000000                g_pfnVectors
                0x08000298                        . = ALIGN (0x4)

.text           0x080002a0    0x13350
                0x080002a0                        . = ALIGN (0x4)
 *(.text)
 .text          0x080002a0       0xa0 /root/Downloads/arm-gnu-toolchain-13.2.Rel1-x86_64-arm-none-eabi/bin/../lib/gcc/arm-none-eabi/13.2.1/../../../../arm-none-eabi/lib/thumb/v7e-m+dp/hard/libc_nano.a(libc_a-memchr.o)
                0x080002a0                memchr
 .text          0x08000340      0x378 /root/Downloads/arm-gnu-toolchain-13.2.Rel1-x86_64-arm-none-eabi/bin/../lib/gcc/arm-none-eabi/13.2.1/thumb/v7e-m+dp/hard/libgcc.a(_arm_addsubdf3.o)
                0x08000340                __aeabi_drsub
                0x08000348                __aeabi_dsub
                0x08000348                __subdf3
                0x0800034c                __adddf3
                0x0800034c                __aeabi_dadd
                0x080005c4                __aeabi_ui2d
                0x080005c4                __floatunsidf
                0x080005e4                __floatsidf
                0x080005e4                __aeabi_i2d
                0x08000608                __extendsfdf2
                0x08000608                __aeabi_f2d
                0x0800064c                __aeabi_ul2d
                0x0800064c                __floatundidf
                0x0800065c                __floatdidf
                0x0800065c                __aeabi_l2d
 *(.text*)
 .text.deregister_tm_clones
                0x080006b8       0x1c /root/Downloads/arm-gnu-toolchain-13.2.Rel1-x86_64-arm-none-eabi/bin/../lib/gcc/arm-none-eabi/13.2.1/thumb/v7e-m+dp/hard/crtbegin.o
 .text.register_tm_clones
                0x080006d4       0x24 /root/Downloads/arm-gnu-toolchain-13.2.Rel1-x86_64-arm-none-eabi/bin/../lib/gcc/arm-none-eabi/13.2.1/thumb/v7e-m+dp/hard/crtbegin.o
 .text.__do_global_dtors_aux
                0x080006f8       0x28 /root/Downloads/arm-gnu-toolchain-13.2.Rel1-x86_64-arm-none-eabi/bin/../lib/gcc/arm-none-eabi/13.2.1/thumb/v7e-m+dp/hard/crtbegin.o
 .text.frame_dummy
                0x08000720       0x24 /root/Downloads/arm-gnu-toolchain-13.2.Rel1-x86_64-arm-none-eabi/bin/../lib/gcc/arm-none-eabi/13.2.1/thumb/v7e-m+dp/hard/crtbegin.o
 .text.Reset_Handler
                0x08000744       0x50 startup_stm32h743xx.o
                0x08000744                Reset_Handler
 .text.Default_Handler
                0x08000794        0x2 startup_stm32h743xx.o
                0x08000794                RTC_Alarm_IRQHandler
                0x08000794                EXTI2_IRQHandler
                0x08000794                TIM8_CC_IRQHandler
                0x08000794                HRTIM1_Master_IRQHandler
                0x08000794                UART8_IRQHandler
                0x08000794                SPI4_IRQHandler
                0x08000794                TIM1_CC_IRQHandler
                0x08000794                BDMA_Channel6_IRQHandler
                0x08000794                DMA2_Stream5_IRQHandler
                0x08000794                HRTIM1_FLT_IRQHandler
                0x08000794                JPEG_IRQHandler
                0x08000794                DMA1_Stream5_IRQHandler
                0x08000794                BDMA_Channel1_IRQHandler
                0x08000794                HRTIM1_TIMD_IRQHandler
                0x08000794                TAMP_STAMP_IRQHandler
                0x08000794                EXTI3_IRQHandler
                0x08000794                LPTIM4_IRQHandler
                0x08000794                TIM8_TRG_COM_TIM14_IRQHandler
                0x08000794                LPTIM2_IRQHandler
                0x08000794                DFSDM1_FLT1_IRQHandler
                0x08000794                DMAMUX2_OVR_IRQHandler
                0x08000794                TIM8_UP_TIM13_IRQHandler
                0x08000794                I2C3_ER_IRQHandler
                0x08000794                DFSDM1_FLT2_IRQHandler
                0x08000794                MDMA_IRQHandler
                0x08000794                LPTIM3_IRQHandler
                0x08000794                HSEM1_IRQHandler
                0x08000794                EXTI0_IRQHandler
                0x08000794                I2C2_EV_IRQHandler
                0x08000794                DMA1_Stream2_IRQHandler
                0x08000794                FPU_IRQHandler
                0x08000794                OTG_HS_WKUP_IRQHandler
                0x08000794                FDCAN1_IT1_IRQHandler
                0x08000794                LTDC_ER_IRQHandler
                0x08000794                DMA2_Stream2_IRQHandler
                0x08000794                HRTIM1_TIME_IRQHandler
                0x08000794                SPI1_IRQHandler
                0x08000794                TIM6_DAC_IRQHandler
                0x08000794                DCMI_IRQHandler
                0x08000794                HRTIM1_TIMC_IRQHandler
                0x08000794                DMA2_Stream3_IRQHandler
                0x08000794                SAI2_IRQHandler
                0x08000794                DFSDM1_FLT3_IRQHandler
                0x08000794                USART6_IRQHandler
                0x08000794                TIM17_IRQHandler
                0x08000794                USART3_IRQHandler
                0x08000794                BDMA_Channel7_IRQHandler
                0x08000794                LPTIM5_IRQHandler
                0x08000794                UART5_IRQHandler
                0x08000794                ADC3_IRQHandler
                0x08000794                DMA2_Stream0_IRQHandler
                0x08000794                TIM4_IRQHandler
                0x08000794                BDMA_Channel2_IRQHandler
                0x08000794                QUADSPI_IRQHandler
                0x08000794                I2C1_EV_IRQHandler
                0x08000794                DMA1_Stream6_IRQHandler
                0x08000794                DMAMUX1_OVR_IRQHandler
                0x08000794                DMA1_Stream1_IRQHandler
                0x08000794                TIM16_IRQHandler
                0x08000794                UART4_IRQHandler
                0x08000794                BDMA_Channel5_IRQHandler
                0x08000794                TIM3_IRQHandler
                0x08000794                RCC_IRQHandler
                0x08000794                TIM8_BRK_TIM12_IRQHandler
                0x08000794                TIM1_TRG_COM_IRQHandler
                0x08000794                Default_Handler
                0x08000794                CEC_IRQHandler
                0x08000794                EXTI15_10_IRQHandler
                0x08000794                BDMA_Channel0_IRQHandler
                0x08000794                ADC_IRQHandler
                0x08000794                DMA1_Stream7_IRQHandler
                0x08000794                HRTIM1_TIMA_IRQHandler
                0x08000794                SPI5_IRQHandler
                0x08000794                TIM7_IRQHandler
                0x08000794                SDMMC1_IRQHandler
                0x08000794                TIM5_IRQHandler
                0x08000794                DMA2_Stream7_IRQHandler
                0x08000794                TIM15_IRQHandler
                0x08000794                PVD_AVD_IRQHandler
                0x08000794                I2C3_EV_IRQHandler
                0x08000794                EXTI9_5_IRQHandler
                0x08000794                RTC_WKUP_IRQHandler
                0x08000794                LTDC_IRQHandler
                0x08000794                SAI3_IRQHandler
                0x08000794                ETH_WKUP_IRQHandler
                0x08000794                SPDIF_RX_IRQHandler
                0x08000794                SPI2_IRQHandler
                0x08000794                OTG_HS_EP1_IN_IRQHandler
                0x08000794                CRS_IRQHandler
                0x08000794                EXTI4_IRQHandler
                0x08000794                RNG_IRQHandler
                0x08000794                HRTIM1_TIMB_IRQHandler
                0x08000794                FDCAN2_IT1_IRQHandler
                0x08000794                ETH_IRQHandler
                0x08000794                TIM1_UP_IRQHandler
                0x08000794                BDMA_Channel4_IRQHandler
                0x08000794                OTG_HS_EP1_OUT_IRQHandler
                0x08000794                WWDG_IRQHandler
                0x08000794                SPI6_IRQHandler
                0x08000794                MDIOS_IRQHandler
                0x08000794                I2C4_EV_IRQHandler
                0x08000794                FDCAN2_IT0_IRQHandler
                0x08000794                LPUART1_IRQHandler
                0x08000794                FDCAN1_IT0_IRQHandler
                0x08000794                TIM2_IRQHandler
                0x08000794                OTG_FS_WKUP_IRQHandler
                0x08000794                OTG_HS_IRQHandler
                0x08000794                DMA2D_IRQHandler
                0x08000794                TIM1_BRK_IRQHandler
                0x08000794                EXTI1_IRQHandler
                0x08000794                SDMMC2_IRQHandler
                0x08000794                OTG_FS_EP1_OUT_IRQHandler
                0x08000794                BDMA_Channel3_IRQHandler
                0x08000794                UART7_IRQHandler
                0x08000794                MDIOS_WKUP_IRQHandler
                0x08000794                USART2_IRQHandler
                0x08000794                DFSDM1_FLT0_IRQHandler
                0x08000794                SAI4_IRQHandler
                0x08000794                I2C2_ER_IRQHandler
                0x08000794                DMA2_Stream1_IRQHandler
                0x08000794                FLASH_IRQHandler
                0x08000794                DMA2_Stream4_IRQHandler
                0x08000794                USART1_IRQHandler
                0x08000794                OTG_FS_IRQHandler
                0x08000794                SPI3_IRQHandler
                0x08000794                WAKEUP_PIN_IRQHandler
                0x08000794                DMA1_Stream4_IRQHandler
                0x08000794                OTG_FS_EP1_IN_IRQHandler
                0x08000794                I2C1_ER_IRQHandler
                0x08000794                FMC_IRQHandler
                0x08000794                FDCAN_CAL_IRQHandler
                0x08000794                SWPMI1_IRQHandler
                0x08000794                COMP1_IRQHandler
                0x08000794                LPTIM1_IRQHandler
                0x08000794                I2C4_ER_IRQHandler
                0x08000794                DMA2_Stream6_IRQHandler
                0x08000794                SAI1_IRQHandler
                0x08000794                DMA1_Stream3_IRQHandler
 *fill*         0x08000796        0x2 
 .text.startup.main
                0x08000798      0x55c src/main.o
                0x08000798                main
 .text.Error_Handler
                0x08000cf4        0x4 src/main.o
                0x08000cf4                Error_Handler
 .text.wavetable_init
                0x08000cf8       0x24 src/wavetable.o
                0x08000cf8                wavetable_init
 .text.wave_get_sample1
                0x08000d1c       0xd0 src/wavetable.o
                0x08000d1c                wave_get_sample1
 .text.wave_get_sample2
                0x08000dec       0xd0 src/wavetable.o
                0x08000dec                wave_get_sample2
 .text.wave_get_sample3
                0x08000ebc       0xd0 src/wavetable.o
                0x08000ebc                wave_get_sample3
 .text.wave_get_sample4
                0x08000f8c       0xd0 src/wavetable.o
                0x08000f8c                wave_get_sample4
 .text.wave_get_sample5
                0x0800105c       0xd0 src/wavetable.o
                0x0800105c                wave_get_sample5
 .text.wave_get_sample6
                0x0800112c       0xd0 src/wavetable.o
                0x0800112c                wave_get_sample6
 .text.wave_newsay
                0x080011fc        0x4 src/wavetable.o
                0x080011fc                wave_newsay
 .text.NMI_Handler
                0x08001200        0x4 src/stm32h7xx_it.o
                0x08001200                NMI_Handler
 .text.HardFault_Handler
                0x08001204        0x4 src/stm32h7xx_it.o
                0x08001204                HardFault_Handler
 .text.MemManage_Handler
                0x08001208        0x4 src/stm32h7xx_it.o
                0x08001208                MemManage_Handler
 .text.BusFault_Handler
                0x0800120c        0x4 src/stm32h7xx_it.o
                0x0800120c                BusFault_Handler
 .text.UsageFault_Handler
                0x08001210        0x4 src/stm32h7xx_it.o
                0x08001210                UsageFault_Handler
 .text.SVC_Handler
                0x08001214        0x4 src/stm32h7xx_it.o
                0x08001214                SVC_Handler
 .text.DebugMon_Handler
                0x08001218        0x4 src/stm32h7xx_it.o
                0x08001218                DebugMon_Handler
 .text.PendSV_Handler
                0x0800121c        0x4 src/stm32h7xx_it.o
                0x0800121c                PendSV_Handler
 .text.SysTick_Handler
                0x08001220        0x4 src/stm32h7xx_it.o
                0x08001220                SysTick_Handler
 .text.DMA1_Stream0_IRQHandler
                0x08001224        0xc src/stm32h7xx_it.o
                0x08001224                DMA1_Stream0_IRQHandler
 .text.Codec_HandleBlock
                0x08001230      0x2d4 src/audio.o
 .text.HAL_SAI_TxHalfCpltCallback
                0x08001504       0x14 src/audio.o
                0x08001504                HAL_SAI_TxHalfCpltCallback
 .text.HAL_SAI_TxCpltCallback
                0x08001518       0x14 src/audio.o
                0x08001518                HAL_SAI_TxCpltCallback
 .text.Codec_StartDMA
                0x0800152c       0x28 src/audio.o
                0x0800152c                Codec_StartDMA
 .text.HAL_ADC_MspInit
                0x08001554       0x8c src/stm32h7xx_hal_msp.o
                0x08001554                HAL_ADC_MspInit
 .text.HAL_ADC_MspDeInit
                0x080015e0       0x38 src/stm32h7xx_hal_msp.o
                0x080015e0                HAL_ADC_MspDeInit
 .text.HAL_MspInit
                0x08001618       0x24 src/stm32h7xx_hal_msp.o
                0x08001618                HAL_MspInit
 .text.HAL_SAI_MspInit
                0x0800163c       0xbc src/stm32h7xx_hal_msp.o
                0x0800163c                HAL_SAI_MspInit
 .text.extract_bits
                0x080016f8       0x60 src/tms5200x.o
                0x080016f8                extract_bits
 .text.parse_frame
                0x08001758       0xc0 src/tms5200x.o
                0x08001758                parse_frame
 .text.process  0x08001818      0x650 src/tms5200x.o
                0x08001818                process
 .text.tms_newsay
                0x08001e68       0x98 src/tms5200x.o
                0x08001e68                tms_newsay
 .text.tms_newsay_allphon
                0x08001f00       0xa0 src/tms5200x.o
                0x08001f00                tms_newsay_allphon
 .text.tms_init
                0x08001fa0       0x90 src/tms5200x.o
                0x08001fa0                tms_init
 .text.tms_get_sample_allphon
                0x08002030       0x38 src/tms5200x.o
                0x08002030                tms_get_sample_allphon
 .text.tms_get_sample
                0x08002068       0x38 src/tms5200x.o
                0x08002068                tms_get_sample
 .text.samplerate_init
                0x080020a0        0x4 src/samplerate.o
                0x080020a0                samplerate_init
 .text.samplerate_simple
                0x080020a4       0xf4 src/samplerate.o
                0x080020a4                samplerate_simple
 .text.getb     0x08002198       0xbc src/sp0256.o
                0x08002198                getb
 .text.micro    0x08002254      0x4e4 src/sp0256.o
                0x08002254                micro
 .text.sp0256_get_sample
                0x08002738      0x1b4 src/sp0256.o
                0x08002738                sp0256_get_sample
 .text.sp0256_newsay
                0x080028ec       0x7c src/sp0256.o
                0x080028ec                sp0256_newsay
 .text.sp0256_newsayvocabbankone
                0x08002968       0xc0 src/sp0256.o
                0x08002968                sp0256_newsayvocabbankone
 .text.sp0256_get_samplevocabbankone
                0x08002a28      0x150 src/sp0256.o
                0x08002a28                sp0256_get_samplevocabbankone
 .text.sp0256_init
                0x08002b78       0x98 src/sp0256.o
                0x08002b78                sp0256_init
 .text.phone_commit
                0x08002c10      0x268 src/newvotrax.o
                0x08002c10                phone_commit
 .text.analog_calc
                0x08002e78      0x210 src/newvotrax.o
                0x08002e78                analog_calc
 .text.build_standard_filter
                0x08003088       0xf0 src/newvotrax.o
                0x08003088                build_standard_filter
 .text.build_noise_shaper_filter
                0x08003178       0xdc src/newvotrax.o
                0x08003178                build_noise_shaper_filter
 .text.filters_commit
                0x08003254      0x3ac src/newvotrax.o
                0x08003254                filters_commit
 .text.device_reset
                0x08003600      0x174 src/newvotrax.o
                0x08003600                device_reset
 .text.chip_update
                0x08003774      0x2a4 src/newvotrax.o
                0x08003774                chip_update
 .text.votrax_init
                0x08003a18       0x44 src/newvotrax.o
                0x08003a18                votrax_init
 .text.votrax_newsay
                0x08003a5c       0xb8 src/newvotrax.o
                0x08003a5c                votrax_newsay
 .text.votrax_get_sample
                0x08003b14       0x44 src/newvotrax.o
                0x08003b14                votrax_get_sample
 .text.votrax_newsaygorf
                0x08003b58      0x148 src/newvotrax.o
                0x08003b58                votrax_newsaygorf
 .text.votrax_get_samplegorf
                0x08003ca0       0x44 src/newvotrax.o
                0x08003ca0                votrax_get_samplegorf
 .text.getNextVOICE
                0x08003ce4      0x114 src/nvp.o
                0x08003ce4                getNextVOICE
 .text.init_nvp
                0x08003df8      0x138 src/nvp.o
                0x08003df8                init_nvp
 .text.nvp_init
                0x08003f30       0x20 src/nvp.o
                0x08003f30                nvp_init
 .text.nvp_newsay
                0x08003f50      0x100 src/nvp.o
                0x08003f50                nvp_newsay
 .text.nvp_newsay_vocab
                0x08004050      0x188 src/nvp.o
                0x08004050                nvp_newsay_vocab
 .text.nvp_get_sample
                0x080041d8      0x180 src/nvp.o
                0x080041d8                nvp_get_sample
 .text.nvp_get_sample_vocab
                0x08004358      0x194 src/nvp.o
                0x08004358                nvp_get_sample_vocab
 .text.wormed_newsay
                0x080044ec        0x4 src/wormed.o
                0x080044ec                wormed_newsay
 .text.chirp_get_sample
                0x080044f0       0x90 src/wormed.o
                0x080044f0                chirp_get_sample
 .text.votglot_get_sample
                0x08004580       0x60 src/wormed.o
                0x08004580                votglot_get_sample
 .text.impulsive_get_sample
                0x080045e0       0x60 src/wormed.o
                0x080045e0                impulsive_get_sample
 .text.sampled_source_getsample
                0x08004640       0x98 src/wormed.o
                0x08004640                sampled_source_getsample
 .text.natural_source_getsample
                0x080046d8       0xc4 src/wormed.o
                0x080046d8                natural_source_getsample
 .text.impulsivex_get_sample
                0x0800479c       0xe4 src/wormed.o
                0x0800479c                impulsivex_get_sample
 .text.simpleklatt_init
                0x08004880       0x40 src/simpleklatt.o
                0x08004880                simpleklatt_init
 .text.setabc.isra.0
                0x080048c0       0x98 src/parwave.o
 .text.simple_parwave_init
                0x08004958       0xdc src/parwave.o
                0x08004958                simple_parwave_init
 *fill*         0x08004a34        0x4 
 .text.initializeWavetable
                0x08004a38      0x11c src/tube.o
                0x08004a38                initializeWavetable
 .text.updateWavetable
                0x08004b54       0xa8 src/tube.o
                0x08004b54                updateWavetable
 .text.tube_newsay
                0x08004bfc      0x10c src/tube.o
                0x08004bfc                tube_newsay
 .text.calculateTubeCoefficients
                0x08004d08       0xc0 src/tube.o
                0x08004d08                calculateTubeCoefficients
 .text.setFricationTaps
                0x08004dc8       0xb4 src/tube.o
                0x08004dc8                setFricationTaps
 *fill*         0x08004e7c        0x4 
 .text.calculateBandpassCoefficients
                0x08004e80       0xc8 src/tube.o
                0x08004e80                calculateBandpassCoefficients
 .text.oscillator
                0x08004f48       0xa0 src/tube.o
                0x08004f48                oscillator
 .text.tube_get_sample
                0x08004fe8      0x2e0 src/tube.o
                0x08004fe8                tube_get_sample
 .text.rationalApproximation
                0x080052c8       0xc4 src/tube.o
                0x080052c8                rationalApproximation
 .text.maximallyFlat.part.0.constprop.0
                0x0800538c      0x230 src/tube.o
 .text.maximallyFlat
                0x080055bc       0x60 src/tube.o
                0x080055bc                maximallyFlat
 .text.initializeFIR
                0x0800561c       0x9c src/tube.o
                0x0800561c                initializeFIR
 .text.tube_init
                0x080056b8      0x144 src/tube.o
                0x080056b8                tube_init
 *fill*         0x080057fc        0x4 
 .text.init_mindlin
                0x08005800       0x60 src/raven.o
                0x08005800                init_mindlin
 .text.no_newsay
                0x08005860        0x4 src/raven.o
                0x08005860                no_newsay
 *fill*         0x08005864        0x4 
 .text.mindlin_oscillate
                0x08005868       0xa8 src/raven.o
                0x08005868                mindlin_oscillate
 .text.mindlin_get_sample
                0x08005910        0xc src/raven.o
                0x08005910                mindlin_get_sample
 *fill*         0x0800591c        0x4 
 .text.init_gardner
                0x08005920       0xe8 src/raven.o
                0x08005920                init_gardner
 .text.gardner_get_sample
                0x08005a08      0x104 src/raven.o
                0x08005a08                gardner_get_sample
 *fill*         0x08005b0c        0x4 
 .text.init_balloon
                0x08005b10      0x18c src/raven.o
                0x08005b10                init_balloon
 *fill*         0x08005c9c        0x4 
 .text.computeSample
                0x08005ca0      0x650 src/raven.o
                0x08005ca0                computeSample
 .text.balloon_get_sample
                0x080062f0       0x58 src/raven.o
                0x080062f0                balloon_get_sample
 .text.rosenberg_get_sample
                0x08006348      0x154 src/lfgen.o
                0x08006348                rosenberg_get_sample
 *fill*         0x0800649c        0x4 
 .text.LF_calc  0x080064a0      0x124 src/lfgen.o
                0x080064a0                LF_calc
 *fill*         0x080065c4        0x4 
 .text.initLF   0x080065c8      0x268 src/lfgen.o
                0x080065c8                initLF
 .text.initLFF  0x08006830      0x2ac src/lfgen.o
                0x08006830                initLFF
 .text.LF_get_sample
                0x08006adc       0x18 src/lfgen.o
                0x08006adc                LF_get_sample
 .text.shimmer_init
                0x08006af4       0x20 src/lfgen2.o
                0x08006af4                shimmer_init
 *fill*         0x08006b14        0x4 
 .text.do_shimmer
                0x08006b18      0x60c src/lfgen2.o
                0x08006b18                do_shimmer
 *fill*         0x08007124        0x4 
 .text.shimmer_get_sample
                0x08007128       0x94 src/lfgen2.o
                0x08007128                shimmer_get_sample
 .text.setfreq  0x080071bc       0xc0 src/lfgen2.o
                0x080071bc                setfreq
 .text.klglott88_init
                0x0800727c       0x18 src/lfgen2.o
                0x0800727c                klglott88_init
 *fill*         0x08007294        0x4 
 .text.klg_get_sample
                0x08007298      0x168 src/lfgen2.o
                0x08007298                klg_get_sample
 .text.pulse_lf
                0x08007400      0x14c src/lfgen2.o
                0x08007400                pulse_lf
 *fill*         0x0800754c        0x4 
 .text.lf_alpha
                0x08007550       0xe0 src/lfgen2.o
                0x08007550                lf_alpha
 .text.lf_epsilon
                0x08007630       0x58 src/lfgen2.o
                0x08007630                lf_epsilon
 .text.LF2_get_sample
                0x08007688       0xb4 src/lfgen2.o
                0x08007688                LF2_get_sample
 .text.set_trans.isra.0
                0x0800773c       0x80 src/rsynth_2005/holmes.o
 .text.interpolate
                0x080077bc      0x13c src/rsynth_2005/holmes.o
                0x080077bc                interpolate
 .text.rsynth_newsay_single
                0x080078f8       0xf0 src/rsynth_2005/holmes.o
                0x080078f8                rsynth_newsay_single
 .text.rsynth_newsay
                0x080079e8       0xe0 src/rsynth_2005/holmes.o
                0x080079e8                rsynth_newsay
 .text.rsynth_get_sample
                0x08007ac8      0x3d0 src/rsynth_2005/holmes.o
                0x08007ac8                rsynth_get_sample
 .text.rsynth_get_sample_single
                0x08007e98      0x290 src/rsynth_2005/holmes.o
                0x08007e98                rsynth_get_sample_single
 .text.rsynth_speaker
                0x08008128       0x70 src/rsynth_2005/elements.o
                0x08008128                rsynth_speaker
 .text.set_pole_fbw.isra.0
                0x08008198       0xd8 src/rsynth_2005/opsynth.o
 .text.rsynth_frame_single
                0x08008270      0x728 src/rsynth_2005/opsynth.o
                0x08008270                rsynth_frame_single
 .text.rsynth_init
                0x08008998       0x70 src/rsynth_2005/opsynth.o
                0x08008998                rsynth_init
 .text.interpolate.isra.0
                0x08008a08      0x120 src/rsynth-2.0-port/holmes.o
 .text.set_trans.isra.0
                0x08008b28       0x50 src/rsynth-2.0-port/holmes.o
 .text.klatt_newsay
                0x08008b78       0xc4 src/rsynth-2.0-port/holmes.o
                0x08008b78                klatt_newsay
 .text.klatt_get_sample
                0x08008c3c      0x5c8 src/rsynth-2.0-port/holmes.o
                0x08008c3c                klatt_get_sample
 .text.setabc   0x08009204       0x70 src/rsynth-2.0-port/nsynth.o
 .text.pitch_synch_par_reset
                0x08009274      0x200 src/rsynth-2.0-port/nsynth.o
 .text.initparwave
                0x08009474      0x558 src/rsynth-2.0-port/nsynth.o
                0x08009474                initparwave
 .text.parwavesinglesample
                0x080099cc      0x5ec src/rsynth-2.0-port/nsynth.o
                0x080099cc                parwavesinglesample
 .text.parwave_init
                0x08009fb8      0x150 src/rsynth-2.0-port/nsynth.o
                0x08009fb8                parwave_init
 .text.klatt_init
                0x0800a108       0x60 src/rsynth-2.0-port/def_pars.o
                0x0800a108                klatt_init
 .text._write   0x0800a168        0x8 sys/stubs.o
                0x0800a168                _write
 .text._read    0x0800a170        0x8 sys/stubs.o
                0x0800a170                _read
 .text._close   0x0800a178        0x8 sys/stubs.o
                0x0800a178                _close
 .text._fstat   0x0800a180        0x8 sys/stubs.o
                0x0800a180                _fstat
 .text._isatty  0x0800a188        0x8 sys/stubs.o
                0x0800a188                _isatty
 .text._lseek   0x0800a190        0x8 sys/stubs.o
                0x0800a190                _lseek
 .text._exit    0x0800a198        0x4 sys/stubs.o
                0x0800a198                _exit
 .text._sbrk    0x0800a19c       0x40 sys/_sbrk.o
                0x0800a19c                _sbrk
 .text.SystemInit
                0x0800a1dc       0x8c system_stm32h7xx.o
                0x0800a1dc                SystemInit
 .text.HAL_GPIO_Init
                0x0800a268      0x29c /root/Downloads/STM32Cube_FW_H7_V1.11.0//Drivers/STM32H7xx_HAL_Driver/Src/stm32h7xx_hal_gpio.o
                0x0800a268                HAL_GPIO_Init
 .text.HAL_GPIO_DeInit
                0x0800a504      0x194 /root/Downloads/STM32Cube_FW_H7_V1.11.0//Drivers/STM32H7xx_HAL_Driver/Src/stm32h7xx_hal_gpio.o
                0x0800a504                HAL_GPIO_DeInit
 .text.HAL_ADC_PollForConversion
                0x0800a698      0x104 /root/Downloads/STM32Cube_FW_H7_V1.11.0//Drivers/STM32H7xx_HAL_Driver/Src/stm32h7xx_hal_adc.o
                0x0800a698                HAL_ADC_PollForConversion
 .text.HAL_ADC_GetValue
                0x0800a79c        0x8 /root/Downloads/STM32Cube_FW_H7_V1.11.0//Drivers/STM32H7xx_HAL_Driver/Src/stm32h7xx_hal_adc.o
                0x0800a79c                HAL_ADC_GetValue
 .text.HAL_ADC_ConfigChannel
                0x0800a7a4      0x400 /root/Downloads/STM32Cube_FW_H7_V1.11.0//Drivers/STM32H7xx_HAL_Driver/Src/stm32h7xx_hal_adc.o
                0x0800a7a4                HAL_ADC_ConfigChannel
 .text.ADC_ConversionStop
                0x0800aba4       0xf4 /root/Downloads/STM32Cube_FW_H7_V1.11.0//Drivers/STM32H7xx_HAL_Driver/Src/stm32h7xx_hal_adc.o
                0x0800aba4                ADC_ConversionStop
 .text.ADC_Enable
                0x0800ac98       0xb0 /root/Downloads/STM32Cube_FW_H7_V1.11.0//Drivers/STM32H7xx_HAL_Driver/Src/stm32h7xx_hal_adc.o
                0x0800ac98                ADC_Enable
 .text.HAL_ADC_Start
                0x0800ad48       0xfc /root/Downloads/STM32Cube_FW_H7_V1.11.0//Drivers/STM32H7xx_HAL_Driver/Src/stm32h7xx_hal_adc.o
                0x0800ad48                HAL_ADC_Start
 .text.ADC_Disable
                0x0800ae44       0x74 /root/Downloads/STM32Cube_FW_H7_V1.11.0//Drivers/STM32H7xx_HAL_Driver/Src/stm32h7xx_hal_adc.o
                0x0800ae44                ADC_Disable
 .text.HAL_ADC_DeInit
                0x0800aeb8      0x1a0 /root/Downloads/STM32Cube_FW_H7_V1.11.0//Drivers/STM32H7xx_HAL_Driver/Src/stm32h7xx_hal_adc.o
                0x0800aeb8                HAL_ADC_DeInit
 .text.ADC_ConfigureBoostMode
                0x0800b058      0x15c /root/Downloads/STM32Cube_FW_H7_V1.11.0//Drivers/STM32H7xx_HAL_Driver/Src/stm32h7xx_hal_adc.o
                0x0800b058                ADC_ConfigureBoostMode
 .text.HAL_ADC_Init
                0x0800b1b4      0x218 /root/Downloads/STM32Cube_FW_H7_V1.11.0//Drivers/STM32H7xx_HAL_Driver/Src/stm32h7xx_hal_adc.o
                0x0800b1b4                HAL_ADC_Init
 .text.HAL_ADCEx_Calibration_Start
                0x0800b3cc       0xa4 /root/Downloads/STM32Cube_FW_H7_V1.11.0//Drivers/STM32H7xx_HAL_Driver/Src/stm32h7xx_hal_adc_ex.o
                0x0800b3cc                HAL_ADCEx_Calibration_Start
 .text.HAL_PWREx_ConfigSupply
                0x0800b470       0x48 /root/Downloads/STM32Cube_FW_H7_V1.11.0//Drivers/STM32H7xx_HAL_Driver/Src/stm32h7xx_hal_pwr_ex.o
                0x0800b470                HAL_PWREx_ConfigSupply
 .text.HAL_RCC_GetSysClockFreq.part.0
                0x0800b4b8       0xe4 /root/Downloads/STM32Cube_FW_H7_V1.11.0//Drivers/STM32H7xx_HAL_Driver/Src/stm32h7xx_hal_rcc.o
 .text.HAL_RCC_DeInit
                0x0800b59c      0x1a4 /root/Downloads/STM32Cube_FW_H7_V1.11.0//Drivers/STM32H7xx_HAL_Driver/Src/stm32h7xx_hal_rcc.o
                0x0800b59c                HAL_RCC_DeInit
 .text.HAL_RCC_OscConfig
                0x0800b740      0x5e8 /root/Downloads/STM32Cube_FW_H7_V1.11.0//Drivers/STM32H7xx_HAL_Driver/Src/stm32h7xx_hal_rcc.o
                0x0800b740                HAL_RCC_OscConfig
 .text.HAL_RCC_GetSysClockFreq
                0x0800bd28       0x44 /root/Downloads/STM32Cube_FW_H7_V1.11.0//Drivers/STM32H7xx_HAL_Driver/Src/stm32h7xx_hal_rcc.o
                0x0800bd28                HAL_RCC_GetSysClockFreq
 .text.HAL_RCC_ClockConfig
                0x0800bd6c      0x254 /root/Downloads/STM32Cube_FW_H7_V1.11.0//Drivers/STM32H7xx_HAL_Driver/Src/stm32h7xx_hal_rcc.o
                0x0800bd6c                HAL_RCC_ClockConfig
 .text.HAL_RCC_GetHCLKFreq
                0x0800bfc0       0x80 /root/Downloads/STM32Cube_FW_H7_V1.11.0//Drivers/STM32H7xx_HAL_Driver/Src/stm32h7xx_hal_rcc.o
                0x0800bfc0                HAL_RCC_GetHCLKFreq
 .text.HAL_RCC_GetPCLK1Freq
                0x0800c040       0x24 /root/Downloads/STM32Cube_FW_H7_V1.11.0//Drivers/STM32H7xx_HAL_Driver/Src/stm32h7xx_hal_rcc.o
                0x0800c040                HAL_RCC_GetPCLK1Freq
 .text.RCCEx_PLL2_Config.part.0
                0x0800c064       0xe0 /root/Downloads/STM32Cube_FW_H7_V1.11.0//Drivers/STM32H7xx_HAL_Driver/Src/stm32h7xx_hal_rcc_ex.o
 .text.RCCEx_PLL3_Config.part.0
                0x0800c144       0xe0 /root/Downloads/STM32Cube_FW_H7_V1.11.0//Drivers/STM32H7xx_HAL_Driver/Src/stm32h7xx_hal_rcc_ex.o
 .text.HAL_RCCEx_PeriphCLKConfig
                0x0800c224      0xea4 /root/Downloads/STM32Cube_FW_H7_V1.11.0//Drivers/STM32H7xx_HAL_Driver/Src/stm32h7xx_hal_rcc_ex.o
                0x0800c224                HAL_RCCEx_PeriphCLKConfig
 .text.HAL_RCCEx_GetPLL2ClockFreq
                0x0800d0c8      0x134 /root/Downloads/STM32Cube_FW_H7_V1.11.0//Drivers/STM32H7xx_HAL_Driver/Src/stm32h7xx_hal_rcc_ex.o
                0x0800d0c8                HAL_RCCEx_GetPLL2ClockFreq
 .text.HAL_RCCEx_GetPLL3ClockFreq
                0x0800d1fc      0x134 /root/Downloads/STM32Cube_FW_H7_V1.11.0//Drivers/STM32H7xx_HAL_Driver/Src/stm32h7xx_hal_rcc_ex.o
                0x0800d1fc                HAL_RCCEx_GetPLL3ClockFreq
 .text.HAL_RCCEx_GetPLL1ClockFreq
                0x0800d330      0x134 /root/Downloads/STM32Cube_FW_H7_V1.11.0//Drivers/STM32H7xx_HAL_Driver/Src/stm32h7xx_hal_rcc_ex.o
                0x0800d330                HAL_RCCEx_GetPLL1ClockFreq
 .text.HAL_RCCEx_GetPeriphCLKFreq
                0x0800d464      0x340 /root/Downloads/STM32Cube_FW_H7_V1.11.0//Drivers/STM32H7xx_HAL_Driver/Src/stm32h7xx_hal_rcc_ex.o
                0x0800d464                HAL_RCCEx_GetPeriphCLKFreq
 .text.DMA_SetConfig
                0x0800d7a4      0x1bc /root/Downloads/STM32Cube_FW_H7_V1.11.0//Drivers/STM32H7xx_HAL_Driver/Src/stm32h7xx_hal_dma.o
 .text.DMA_CalcBaseAndBitshift
                0x0800d960      0x100 /root/Downloads/STM32Cube_FW_H7_V1.11.0//Drivers/STM32H7xx_HAL_Driver/Src/stm32h7xx_hal_dma.o
 .text.DMA_CalcDMAMUXChannelBaseAndMask
                0x0800da60       0xd4 /root/Downloads/STM32Cube_FW_H7_V1.11.0//Drivers/STM32H7xx_HAL_Driver/Src/stm32h7xx_hal_dma.o
 .text.DMA_CalcDMAMUXRequestGenBaseAndMask
                0x0800db34       0x9c /root/Downloads/STM32Cube_FW_H7_V1.11.0//Drivers/STM32H7xx_HAL_Driver/Src/stm32h7xx_hal_dma.o
 .text.HAL_DMA_Init
                0x0800dbd0      0x450 /root/Downloads/STM32Cube_FW_H7_V1.11.0//Drivers/STM32H7xx_HAL_Driver/Src/stm32h7xx_hal_dma.o
                0x0800dbd0                HAL_DMA_Init
 .text.HAL_DMA_Start_IT
                0x0800e020      0x3f4 /root/Downloads/STM32Cube_FW_H7_V1.11.0//Drivers/STM32H7xx_HAL_Driver/Src/stm32h7xx_hal_dma.o
                0x0800e020                HAL_DMA_Start_IT
 .text.HAL_DMA_IRQHandler
                0x0800e414      0x424 /root/Downloads/STM32Cube_FW_H7_V1.11.0//Drivers/STM32H7xx_HAL_Driver/Src/stm32h7xx_hal_dma.o
                0x0800e414                HAL_DMA_IRQHandler
 .text.HAL_DMA_GetError
                0x0800e838        0x4 /root/Downloads/STM32Cube_FW_H7_V1.11.0//Drivers/STM32H7xx_HAL_Driver/Src/stm32h7xx_hal_dma.o
                0x0800e838                HAL_DMA_GetError
 .text.HAL_NVIC_SetPriorityGrouping
                0x0800e83c       0x24 /root/Downloads/STM32Cube_FW_H7_V1.11.0//Drivers/STM32H7xx_HAL_Driver/Src/stm32h7xx_hal_cortex.o
                0x0800e83c                HAL_NVIC_SetPriorityGrouping
 .text.HAL_NVIC_SetPriority
                0x0800e860       0x78 /root/Downloads/STM32Cube_FW_H7_V1.11.0//Drivers/STM32H7xx_HAL_Driver/Src/stm32h7xx_hal_cortex.o
                0x0800e860                HAL_NVIC_SetPriority
 .text.HAL_NVIC_EnableIRQ
                0x0800e8d8       0x1c /root/Downloads/STM32Cube_FW_H7_V1.11.0//Drivers/STM32H7xx_HAL_Driver/Src/stm32h7xx_hal_cortex.o
                0x0800e8d8                HAL_NVIC_EnableIRQ
 .text.HAL_SYSTICK_Config
                0x0800e8f4       0x2c /root/Downloads/STM32Cube_FW_H7_V1.11.0//Drivers/STM32H7xx_HAL_Driver/Src/stm32h7xx_hal_cortex.o
                0x0800e8f4                HAL_SYSTICK_Config
 .text.HAL_MPU_Disable
                0x0800e920       0x1c /root/Downloads/STM32Cube_FW_H7_V1.11.0//Drivers/STM32H7xx_HAL_Driver/Src/stm32h7xx_hal_cortex.o
                0x0800e920                HAL_MPU_Disable
 .text.HAL_MPU_Enable
                0x0800e93c       0x20 /root/Downloads/STM32Cube_FW_H7_V1.11.0//Drivers/STM32H7xx_HAL_Driver/Src/stm32h7xx_hal_cortex.o
                0x0800e93c                HAL_MPU_Enable
 .text.HAL_MPU_ConfigRegion
                0x0800e95c       0x64 /root/Downloads/STM32Cube_FW_H7_V1.11.0//Drivers/STM32H7xx_HAL_Driver/Src/stm32h7xx_hal_cortex.o
                0x0800e95c                HAL_MPU_ConfigRegion
 .text.HAL_SYSTICK_CLKSourceConfig
                0x0800e9c0       0x18 /root/Downloads/STM32Cube_FW_H7_V1.11.0//Drivers/STM32H7xx_HAL_Driver/Src/stm32h7xx_hal_cortex.o
                0x0800e9c0                HAL_SYSTICK_CLKSourceConfig
 .text.HAL_SAI_Init
                0x0800e9d8      0x3b0 /root/Downloads/STM32Cube_FW_H7_V1.11.0//Drivers/STM32H7xx_HAL_Driver/Src/stm32h7xx_hal_sai.o
                0x0800e9d8                HAL_SAI_Init
 .text.HAL_SAI_InitProtocol
                0x0800ed88      0x158 /root/Downloads/STM32Cube_FW_H7_V1.11.0//Drivers/STM32H7xx_HAL_Driver/Src/stm32h7xx_hal_sai.o
                0x0800ed88                HAL_SAI_InitProtocol
 .text.HAL_SAI_Transmit_DMA
                0x0800eee0      0x11c /root/Downloads/STM32Cube_FW_H7_V1.11.0//Drivers/STM32H7xx_HAL_Driver/Src/stm32h7xx_hal_sai.o
                0x0800eee0                HAL_SAI_Transmit_DMA
 .text.SAI_DMATxCplt
                0x0800effc       0x5c /root/Downloads/STM32Cube_FW_H7_V1.11.0//Drivers/STM32H7xx_HAL_Driver/Src/stm32h7xx_hal_sai.o
 .text.SAI_DMATxHalfCplt
                0x0800f058        0xc /root/Downloads/STM32Cube_FW_H7_V1.11.0//Drivers/STM32H7xx_HAL_Driver/Src/stm32h7xx_hal_sai.o
 .text.HAL_SAI_ErrorCallback
                0x0800f064        0x4 /root/Downloads/STM32Cube_FW_H7_V1.11.0//Drivers/STM32H7xx_HAL_Driver/Src/stm32h7xx_hal_sai.o
                0x0800f064                HAL_SAI_ErrorCallback
 .text.SAI_DMAError
                0x0800f068       0x70 /root/Downloads/STM32Cube_FW_H7_V1.11.0//Drivers/STM32H7xx_HAL_Driver/Src/stm32h7xx_hal_sai.o
 .text.HAL_InitTick
                0x0800f0d8       0x4c /root/Downloads/STM32Cube_FW_H7_V1.11.0//Drivers/STM32H7xx_HAL_Driver/Src/stm32h7xx_hal.o
                0x0800f0d8                HAL_InitTick
 .text.HAL_Init
                0x0800f124       0x60 /root/Downloads/STM32Cube_FW_H7_V1.11.0//Drivers/STM32H7xx_HAL_Driver/Src/stm32h7xx_hal.o
                0x0800f124                HAL_Init
 .text.HAL_IncTick
                0x0800f184       0x18 /root/Downloads/STM32Cube_FW_H7_V1.11.0//Drivers/STM32H7xx_HAL_Driver/Src/stm32h7xx_hal.o
                0x0800f184                HAL_IncTick
 .text.HAL_GetTick
                0x0800f19c        0xc /root/Downloads/STM32Cube_FW_H7_V1.11.0//Drivers/STM32H7xx_HAL_Driver/Src/stm32h7xx_hal.o
                0x0800f19c                HAL_GetTick
 .text.HAL_GetREVID
                0x0800f1a8        0xc /root/Downloads/STM32Cube_FW_H7_V1.11.0//Drivers/STM32H7xx_HAL_Driver/Src/stm32h7xx_hal.o
                0x0800f1a8                HAL_GetREVID
 .text.sqrtf    0x0800f1b4       0x44 /root/Downloads/arm-gnu-toolchain-13.2.Rel1-x86_64-arm-none-eabi/bin/../lib/gcc/arm-none-eabi/13.2.1/../../../../arm-none-eabi/lib/thumb/v7e-m+dp/hard/libm.a(libm_a-wf_sqrt.o)
                0x0800f1b4                sqrtf
 .text.tanf     0x0800f1f8       0x54 /root/Downloads/arm-gnu-toolchain-13.2.Rel1-x86_64-arm-none-eabi/bin/../lib/gcc/arm-none-eabi/13.2.1/../../../../arm-none-eabi/lib/thumb/v7e-m+dp/hard/libm.a(libm_a-sf_tan.o)
                0x0800f1f8                tanf
 *fill*         0x0800f24c        0x4 
 .text.exp      0x0800f250      0x1b4 /root/Downloads/arm-gnu-toolchain-13.2.Rel1-x86_64-arm-none-eabi/bin/../lib/gcc/arm-none-eabi/13.2.1/../../../../arm-none-eabi/lib/thumb/v7e-m+dp/hard/libm.a(libm_a-exp.o)
                0x0800f250                exp
 .text.with_errno
                0x0800f404       0x1c /root/Downloads/arm-gnu-toolchain-13.2.Rel1-x86_64-arm-none-eabi/bin/../lib/gcc/arm-none-eabi/13.2.1/../../../../arm-none-eabi/lib/thumb/v7e-m+dp/hard/libm.a(libm_a-math_err.o)
 .text.xflow    0x0800f420       0x24 /root/Downloads/arm-gnu-toolchain-13.2.Rel1-x86_64-arm-none-eabi/bin/../lib/gcc/arm-none-eabi/13.2.1/../../../../arm-none-eabi/lib/thumb/v7e-m+dp/hard/libm.a(libm_a-math_err.o)
 *fill*         0x0800f444        0x4 
 .text.__math_uflow
                0x0800f448       0x10 /root/Downloads/arm-gnu-toolchain-13.2.Rel1-x86_64-arm-none-eabi/bin/../lib/gcc/arm-none-eabi/13.2.1/../../../../arm-none-eabi/lib/thumb/v7e-m+dp/hard/libm.a(libm_a-math_err.o)
                0x0800f448                __math_uflow
 .text.__math_oflow
                0x0800f458       0x10 /root/Downloads/arm-gnu-toolchain-13.2.Rel1-x86_64-arm-none-eabi/bin/../lib/gcc/arm-none-eabi/13.2.1/../../../../arm-none-eabi/lib/thumb/v7e-m+dp/hard/libm.a(libm_a-math_err.o)
                0x0800f458                __math_oflow
 .text.__math_divzero
                0x0800f468       0x30 /root/Downloads/arm-gnu-toolchain-13.2.Rel1-x86_64-arm-none-eabi/bin/../lib/gcc/arm-none-eabi/13.2.1/../../../../arm-none-eabi/lib/thumb/v7e-m+dp/hard/libm.a(libm_a-math_err.o)
                0x0800f468                __math_divzero
 .text.__math_invalid
                0x0800f498       0x20 /root/Downloads/arm-gnu-toolchain-13.2.Rel1-x86_64-arm-none-eabi/bin/../lib/gcc/arm-none-eabi/13.2.1/../../../../arm-none-eabi/lib/thumb/v7e-m+dp/hard/libm.a(libm_a-math_err.o)
                0x0800f498                __math_invalid
 .text.__math_check_uflow
                0x0800f4b8       0x14 /root/Downloads/arm-gnu-toolchain-13.2.Rel1-x86_64-arm-none-eabi/bin/../lib/gcc/arm-none-eabi/13.2.1/../../../../arm-none-eabi/lib/thumb/v7e-m+dp/hard/libm.a(libm_a-math_err.o)
                0x0800f4b8                __math_check_uflow
 *fill*         0x0800f4cc        0x4 
 .text.__math_check_oflow
                0x0800f4d0       0x28 /root/Downloads/arm-gnu-toolchain-13.2.Rel1-x86_64-arm-none-eabi/bin/../lib/gcc/arm-none-eabi/13.2.1/../../../../arm-none-eabi/lib/thumb/v7e-m+dp/hard/libm.a(libm_a-math_err.o)
                0x0800f4d0                __math_check_oflow
 .text.log      0x0800f4f8      0x1f0 /root/Downloads/arm-gnu-toolchain-13.2.Rel1-x86_64-arm-none-eabi/bin/../lib/gcc/arm-none-eabi/13.2.1/../../../../arm-none-eabi/lib/thumb/v7e-m+dp/hard/libm.a(libm_a-log.o)
                0x0800f4f8                log
 .text.expf     0x0800f6e8       0xe4 /root/Downloads/arm-gnu-toolchain-13.2.Rel1-x86_64-arm-none-eabi/bin/../lib/gcc/arm-none-eabi/13.2.1/../../../../arm-none-eabi/lib/thumb/v7e-m+dp/hard/libm.a(libm_a-sf_exp.o)
                0x0800f6e8                expf
 *fill*         0x0800f7cc        0x4 
 .text.sqrt     0x0800f7d0       0x48 /root/Downloads/arm-gnu-toolchain-13.2.Rel1-x86_64-arm-none-eabi/bin/../lib/gcc/arm-none-eabi/13.2.1/../../../../arm-none-eabi/lib/thumb/v7e-m+dp/hard/libm.a(libm_a-w_sqrt.o)
                0x0800f7d0                sqrt
 .text.atan     0x0800f818      0x204 /root/Downloads/arm-gnu-toolchain-13.2.Rel1-x86_64-arm-none-eabi/bin/../lib/gcc/arm-none-eabi/13.2.1/../../../../arm-none-eabi/lib/thumb/v7e-m+dp/hard/libm.a(libm_a-s_atan.o)
                0x0800f818                atan
 *fill*         0x0800fa1c        0x4 
 .text.cos      0x0800fa20       0x80 /root/Downloads/arm-gnu-toolchain-13.2.Rel1-x86_64-arm-none-eabi/bin/../lib/gcc/arm-none-eabi/13.2.1/../../../../arm-none-eabi/lib/thumb/v7e-m+dp/hard/libm.a(libm_a-s_cos.o)
                0x0800fa20                cos
 .text.__kernel_cos
                0x0800faa0      0x130 /root/Downloads/arm-gnu-toolchain-13.2.Rel1-x86_64-arm-none-eabi/bin/../lib/gcc/arm-none-eabi/13.2.1/../../../../arm-none-eabi/lib/thumb/v7e-m+dp/hard/libm.a(libm_a-k_cos.o)
                0x0800faa0                __kernel_cos
 .text.__kernel_sin
                0x0800fbd0       0xb0 /root/Downloads/arm-gnu-toolchain-13.2.Rel1-x86_64-arm-none-eabi/bin/../lib/gcc/arm-none-eabi/13.2.1/../../../../arm-none-eabi/lib/thumb/v7e-m+dp/hard/libm.a(libm_a-k_sin.o)
                0x0800fbd0                __kernel_sin
 .text.fabs     0x0800fc80       0x10 /root/Downloads/arm-gnu-toolchain-13.2.Rel1-x86_64-arm-none-eabi/bin/../lib/gcc/arm-none-eabi/13.2.1/../../../../arm-none-eabi/lib/thumb/v7e-m+dp/hard/libm.a(libm_a-s_fabs.o)
                0x0800fc80                fabs
 .text.__kernel_tanf
                0x0800fc90      0x1c0 /root/Downloads/arm-gnu-toolchain-13.2.Rel1-x86_64-arm-none-eabi/bin/../lib/gcc/arm-none-eabi/13.2.1/../../../../arm-none-eabi/lib/thumb/v7e-m+dp/hard/libm.a(libm_a-kf_tan.o)
                0x0800fc90                __kernel_tanf
 .text.__ieee754_rem_pio2f
                0x0800fe50      0x260 /root/Downloads/arm-gnu-toolchain-13.2.Rel1-x86_64-arm-none-eabi/bin/../lib/gcc/arm-none-eabi/13.2.1/../../../../arm-none-eabi/lib/thumb/v7e-m+dp/hard/libm.a(libm_a-ef_rem_pio2.o)
                0x0800fe50                __ieee754_rem_pio2f
 .text.fmodf    0x080100b0       0x48 /root/Downloads/arm-gnu-toolchain-13.2.Rel1-x86_64-arm-none-eabi/bin/../lib/gcc/arm-none-eabi/13.2.1/../../../../arm-none-eabi/lib/thumb/v7e-m+dp/hard/libm.a(libm_a-wf_fmod.o)
                0x080100b0                fmodf
 .text.fabsf    0x080100f8       0x10 /root/Downloads/arm-gnu-toolchain-13.2.Rel1-x86_64-arm-none-eabi/bin/../lib/gcc/arm-none-eabi/13.2.1/../../../../arm-none-eabi/lib/thumb/v7e-m+dp/hard/libm.a(libm_a-sf_fabs.o)
                0x080100f8                fabsf
 .text.__ieee754_sqrt
                0x08010108        0x8 /root/Downloads/arm-gnu-toolchain-13.2.Rel1-x86_64-arm-none-eabi/bin/../lib/gcc/arm-none-eabi/13.2.1/../../../../arm-none-eabi/lib/thumb/v7e-m+dp/hard/libm.a(libm_a-e_sqrt.o)
                0x08010108                __ieee754_sqrt
 .text.__ieee754_sqrtf
                0x08010110        0x8 /root/Downloads/arm-gnu-toolchain-13.2.Rel1-x86_64-arm-none-eabi/bin/../lib/gcc/arm-none-eabi/13.2.1/../../../../arm-none-eabi/lib/thumb/v7e-m+dp/hard/libm.a(libm_a-ef_sqrt.o)
                0x08010110                __ieee754_sqrtf
 .text.pow      0x08010118      0x5d8 /root/Downloads/arm-gnu-toolchain-13.2.Rel1-x86_64-arm-none-eabi/bin/../lib/gcc/arm-none-eabi/13.2.1/../../../../arm-none-eabi/lib/thumb/v7e-m+dp/hard/libm.a(libm_a-pow.o)
                0x08010118                pow
 .text.__ieee754_rem_pio2
                0x080106f0      0x29c /root/Downloads/arm-gnu-toolchain-13.2.Rel1-x86_64-arm-none-eabi/bin/../lib/gcc/arm-none-eabi/13.2.1/../../../../arm-none-eabi/lib/thumb/v7e-m+dp/hard/libm.a(libm_a-e_rem_pio2.o)
                0x080106f0                __ieee754_rem_pio2
 *fill*         0x0801098c        0x4 
 .text.powf     0x08010990      0x348 /root/Downloads/arm-gnu-toolchain-13.2.Rel1-x86_64-arm-none-eabi/bin/../lib/gcc/arm-none-eabi/13.2.1/../../../../arm-none-eabi/lib/thumb/v7e-m+dp/hard/libm.a(libm_a-sf_pow.o)
                0x08010990                powf
 .text.sinf     0x08010cd8      0x1dc /root/Downloads/arm-gnu-toolchain-13.2.Rel1-x86_64-arm-none-eabi/bin/../lib/gcc/arm-none-eabi/13.2.1/../../../../arm-none-eabi/lib/thumb/v7e-m+dp/hard/libm.a(libm_a-sinf.o)
                0x08010cd8                sinf
 *fill*         0x08010eb4        0x4 
 .text.cosf     0x08010eb8      0x1d4 /root/Downloads/arm-gnu-toolchain-13.2.Rel1-x86_64-arm-none-eabi/bin/../lib/gcc/arm-none-eabi/13.2.1/../../../../arm-none-eabi/lib/thumb/v7e-m+dp/hard/libm.a(libm_a-cosf.o)
                0x08010eb8                cosf
 .text.with_errnof
                0x0801108c       0x1c /root/Downloads/arm-gnu-toolchain-13.2.Rel1-x86_64-arm-none-eabi/bin/../lib/gcc/arm-none-eabi/13.2.1/../../../../arm-none-eabi/lib/thumb/v7e-m+dp/hard/libm.a(libm_a-math_errf.o)
 .text.xflowf   0x080110a8       0x20 /root/Downloads/arm-gnu-toolchain-13.2.Rel1-x86_64-arm-none-eabi/bin/../lib/gcc/arm-none-eabi/13.2.1/../../../../arm-none-eabi/lib/thumb/v7e-m+dp/hard/libm.a(libm_a-math_errf.o)
 .text.__math_uflowf
                0x080110c8        0xc /root/Downloads/arm-gnu-toolchain-13.2.Rel1-x86_64-arm-none-eabi/bin/../lib/gcc/arm-none-eabi/13.2.1/../../../../arm-none-eabi/lib/thumb/v7e-m+dp/hard/libm.a(libm_a-math_errf.o)
                0x080110c8                __math_uflowf
 .text.__math_may_uflowf
                0x080110d4        0xc /root/Downloads/arm-gnu-toolchain-13.2.Rel1-x86_64-arm-none-eabi/bin/../lib/gcc/arm-none-eabi/13.2.1/../../../../arm-none-eabi/lib/thumb/v7e-m+dp/hard/libm.a(libm_a-math_errf.o)
                0x080110d4                __math_may_uflowf
 .text.__math_oflowf
                0x080110e0        0xc /root/Downloads/arm-gnu-toolchain-13.2.Rel1-x86_64-arm-none-eabi/bin/../lib/gcc/arm-none-eabi/13.2.1/../../../../arm-none-eabi/lib/thumb/v7e-m+dp/hard/libm.a(libm_a-math_errf.o)
                0x080110e0                __math_oflowf
 .text.__math_divzerof
                0x080110ec       0x24 /root/Downloads/arm-gnu-toolchain-13.2.Rel1-x86_64-arm-none-eabi/bin/../lib/gcc/arm-none-eabi/13.2.1/../../../../arm-none-eabi/lib/thumb/v7e-m+dp/hard/libm.a(libm_a-math_errf.o)
                0x080110ec                __math_divzerof
 .text.__math_invalidf
                0x08011110       0x20 /root/Downloads/arm-gnu-toolchain-13.2.Rel1-x86_64-arm-none-eabi/bin/../lib/gcc/arm-none-eabi/13.2.1/../../../../arm-none-eabi/lib/thumb/v7e-m+dp/hard/libm.a(libm_a-math_errf.o)
                0x08011110                __math_invalidf
 .text.sin      0x08011130       0x80 /root/Downloads/arm-gnu-toolchain-13.2.Rel1-x86_64-arm-none-eabi/bin/../lib/gcc/arm-none-eabi/13.2.1/../../../../arm-none-eabi/lib/thumb/v7e-m+dp/hard/libm.a(libm_a-s_sin.o)
                0x08011130                sin
 .text.tan      0x080111b0       0x60 /root/Downloads/arm-gnu-toolchain-13.2.Rel1-x86_64-arm-none-eabi/bin/../lib/gcc/arm-none-eabi/13.2.1/../../../../arm-none-eabi/lib/thumb/v7e-m+dp/hard/libm.a(libm_a-s_tan.o)
                0x080111b0                tan
 .text.__ieee754_fmodf
                0x08011210      0x140 /root/Downloads/arm-gnu-toolchain-13.2.Rel1-x86_64-arm-none-eabi/bin/../lib/gcc/arm-none-eabi/13.2.1/../../../../arm-none-eabi/lib/thumb/v7e-m+dp/hard/libm.a(libm_a-ef_fmod.o)
                0x08011210                __ieee754_fmodf
 .text.__kernel_rem_pio2f
                0x08011350      0x63c /root/Downloads/arm-gnu-toolchain-13.2.Rel1-x86_64-arm-none-eabi/bin/../lib/gcc/arm-none-eabi/13.2.1/../../../../arm-none-eabi/lib/thumb/v7e-m+dp/hard/libm.a(libm_a-kf_rem_pio2.o)
                0x08011350                __kernel_rem_pio2f
 .text.floorf   0x0801198c       0x94 /root/Downloads/arm-gnu-toolchain-13.2.Rel1-x86_64-arm-none-eabi/bin/../lib/gcc/arm-none-eabi/13.2.1/../../../../arm-none-eabi/lib/thumb/v7e-m+dp/hard/libm.a(libm_a-sf_floor.o)
                0x0801198c                floorf
 .text.__kernel_rem_pio2
                0x08011a20      0x678 /root/Downloads/arm-gnu-toolchain-13.2.Rel1-x86_64-arm-none-eabi/bin/../lib/gcc/arm-none-eabi/13.2.1/../../../../arm-none-eabi/lib/thumb/v7e-m+dp/hard/libm.a(libm_a-k_rem_pio2.o)
                0x08011a20                __kernel_rem_pio2
 .text.__kernel_tan
                0x08012098      0x248 /root/Downloads/arm-gnu-toolchain-13.2.Rel1-x86_64-arm-none-eabi/bin/../lib/gcc/arm-none-eabi/13.2.1/../../../../arm-none-eabi/lib/thumb/v7e-m+dp/hard/libm.a(libm_a-k_tan.o)
                0x08012098                __kernel_tan
 .text.scalbn   0x080122e0      0x104 /root/Downloads/arm-gnu-toolchain-13.2.Rel1-x86_64-arm-none-eabi/bin/../lib/gcc/arm-none-eabi/13.2.1/../../../../arm-none-eabi/lib/thumb/v7e-m+dp/hard/libm.a(libm_a-s_scalbn.o)
                0x080122e0                scalbn
 *fill*         0x080123e4        0x4 
 .text.floor    0x080123e8      0x118 /root/Downloads/arm-gnu-toolchain-13.2.Rel1-x86_64-arm-none-eabi/bin/../lib/gcc/arm-none-eabi/13.2.1/../../../../arm-none-eabi/lib/thumb/v7e-m+dp/hard/libm.a(libm_a-s_floor.o)
                0x080123e8                floor
 .text.scalbnf  0x08012500       0xe0 /root/Downloads/arm-gnu-toolchain-13.2.Rel1-x86_64-arm-none-eabi/bin/../lib/gcc/arm-none-eabi/13.2.1/../../../../arm-none-eabi/lib/thumb/v7e-m+dp/hard/libm.a(libm_a-sf_scalbn.o)
                0x08012500                scalbnf
 .text.__libc_init_array
                0x080125e0       0x48 /root/Downloads/arm-gnu-toolchain-13.2.Rel1-x86_64-arm-none-eabi/bin/../lib/gcc/arm-none-eabi/13.2.1/../../../../arm-none-eabi/lib/thumb/v7e-m+dp/hard/libc_nano.a(libc_a-init.o)
                0x080125e0                __libc_init_array
 .text.memcpy   0x08012628       0x1c /root/Downloads/arm-gnu-toolchain-13.2.Rel1-x86_64-arm-none-eabi/bin/../lib/gcc/arm-none-eabi/13.2.1/../../../../arm-none-eabi/lib/thumb/v7e-m+dp/hard/libc_nano.a(libc_a-memcpy-stub.o)
                0x08012628                memcpy
 .text.std      0x08012644       0x6c /root/Downloads/arm-gnu-toolchain-13.2.Rel1-x86_64-arm-none-eabi/bin/../lib/gcc/arm-none-eabi/13.2.1/../../../../arm-none-eabi/lib/thumb/v7e-m+dp/hard/libc_nano.a(libc_a-findfp.o)
 .text.stdio_exit_handler
                0x080126b0       0x18 /root/Downloads/arm-gnu-toolchain-13.2.Rel1-x86_64-arm-none-eabi/bin/../lib/gcc/arm-none-eabi/13.2.1/../../../../arm-none-eabi/lib/thumb/v7e-m+dp/hard/libc_nano.a(libc_a-findfp.o)
 .text.cleanup_stdio
                0x080126c8       0x40 /root/Downloads/arm-gnu-toolchain-13.2.Rel1-x86_64-arm-none-eabi/bin/../lib/gcc/arm-none-eabi/13.2.1/../../../../arm-none-eabi/lib/thumb/v7e-m+dp/hard/libc_nano.a(libc_a-findfp.o)
 .text.global_stdio_init.part.0
                0x08012708       0x3c /root/Downloads/arm-gnu-toolchain-13.2.Rel1-x86_64-arm-none-eabi/bin/../lib/gcc/arm-none-eabi/13.2.1/../../../../arm-none-eabi/lib/thumb/v7e-m+dp/hard/libc_nano.a(libc_a-findfp.o)
 .text.__sfp_lock_acquire
                0x08012744        0xc /root/Downloads/arm-gnu-toolchain-13.2.Rel1-x86_64-arm-none-eabi/bin/../lib/gcc/arm-none-eabi/13.2.1/../../../../arm-none-eabi/lib/thumb/v7e-m+dp/hard/libc_nano.a(libc_a-findfp.o)
                0x08012744                __sfp_lock_acquire
 .text.__sfp_lock_release
                0x08012750        0xc /root/Downloads/arm-gnu-toolchain-13.2.Rel1-x86_64-arm-none-eabi/bin/../lib/gcc/arm-none-eabi/13.2.1/../../../../arm-none-eabi/lib/thumb/v7e-m+dp/hard/libc_nano.a(libc_a-findfp.o)
                0x08012750                __sfp_lock_release
 .text.__sinit  0x0801275c       0x30 /root/Downloads/arm-gnu-toolchain-13.2.Rel1-x86_64-arm-none-eabi/bin/../lib/gcc/arm-none-eabi/13.2.1/../../../../arm-none-eabi/lib/thumb/v7e-m+dp/hard/libc_nano.a(libc_a-findfp.o)
                0x0801275c                __sinit
 .text.__sread  0x0801278c       0x22 /root/Downloads/arm-gnu-toolchain-13.2.Rel1-x86_64-arm-none-eabi/bin/../lib/gcc/arm-none-eabi/13.2.1/../../../../arm-none-eabi/lib/thumb/v7e-m+dp/hard/libc_nano.a(libc_a-stdio.o)
                0x0801278c                __sread
 .text.__swrite
                0x080127ae       0x38 /root/Downloads/arm-gnu-toolchain-13.2.Rel1-x86_64-arm-none-eabi/bin/../lib/gcc/arm-none-eabi/13.2.1/../../../../arm-none-eabi/lib/thumb/v7e-m+dp/hard/libc_nano.a(libc_a-stdio.o)
                0x080127ae                __swrite
 .text.__sseek  0x080127e6       0x24 /root/Downloads/arm-gnu-toolchain-13.2.Rel1-x86_64-arm-none-eabi/bin/../lib/gcc/arm-none-eabi/13.2.1/../../../../arm-none-eabi/lib/thumb/v7e-m+dp/hard/libc_nano.a(libc_a-stdio.o)
                0x080127e6                __sseek
 .text.__sclose
                0x0801280a        0x8 /root/Downloads/arm-gnu-toolchain-13.2.Rel1-x86_64-arm-none-eabi/bin/../lib/gcc/arm-none-eabi/13.2.1/../../../../arm-none-eabi/lib/thumb/v7e-m+dp/hard/libc_nano.a(libc_a-stdio.o)
                0x0801280a                __sclose
 *fill*         0x08012812        0x2 
 .text.rand     0x08012814       0x7c /root/Downloads/arm-gnu-toolchain-13.2.Rel1-x86_64-arm-none-eabi/bin/../lib/gcc/arm-none-eabi/13.2.1/../../../../arm-none-eabi/lib/thumb/v7e-m+dp/hard/libc_nano.a(libc_a-rand.o)
                0x08012814                rand
 .text._read_r  0x08012890       0x24 /root/Downloads/arm-gnu-toolchain-13.2.Rel1-x86_64-arm-none-eabi/bin/../lib/gcc/arm-none-eabi/13.2.1/../../../../arm-none-eabi/lib/thumb/v7e-m+dp/hard/libc_nano.a(libc_a-readr.o)
                0x08012890                _read_r
 .text._write_r
                0x080128b4       0x24 /root/Downloads/arm-gnu-toolchain-13.2.Rel1-x86_64-arm-none-eabi/bin/../lib/gcc/arm-none-eabi/13.2.1/../../../../arm-none-eabi/lib/thumb/v7e-m+dp/hard/libc_nano.a(libc_a-writer.o)
                0x080128b4                _write_r
 .text.__errno  0x080128d8        0xc /root/Downloads/arm-gnu-toolchain-13.2.Rel1-x86_64-arm-none-eabi/bin/../lib/gcc/arm-none-eabi/13.2.1/../../../../arm-none-eabi/lib/thumb/v7e-m+dp/hard/libc_nano.a(libc_a-errno.o)
                0x080128d8                __errno
 .text._fwalk_sglue
                0x080128e4       0x3c /root/Downloads/arm-gnu-toolchain-13.2.Rel1-x86_64-arm-none-eabi/bin/../lib/gcc/arm-none-eabi/13.2.1/../../../../arm-none-eabi/lib/thumb/v7e-m+dp/hard/libc_nano.a(libc_a-fwalk.o)
                0x080128e4                _fwalk_sglue
 .text.memset   0x08012920       0x10 /root/Downloads/arm-gnu-toolchain-13.2.Rel1-x86_64-arm-none-eabi/bin/../lib/gcc/arm-none-eabi/13.2.1/../../../../arm-none-eabi/lib/thumb/v7e-m+dp/hard/libc_nano.a(libc_a-memset.o)
                0x08012920                memset
 .text.__retarget_lock_init_recursive
                0x08012930        0x2 /root/Downloads/arm-gnu-toolchain-13.2.Rel1-x86_64-arm-none-eabi/bin/../lib/gcc/arm-none-eabi/13.2.1/../../../../arm-none-eabi/lib/thumb/v7e-m+dp/hard/libc_nano.a(libc_a-lock.o)
                0x08012930                __retarget_lock_init_recursive
 .text.__retarget_lock_acquire_recursive
                0x08012932        0x2 /root/Downloads/arm-gnu-toolchain-13.2.Rel1-x86_64-arm-none-eabi/bin/../lib/gcc/arm-none-eabi/13.2.1/../../../../arm-none-eabi/lib/thumb/v7e-m+dp/hard/libc_nano.a(libc_a-lock.o)
                0x08012932                __retarget_lock_acquire_recursive
 .text.__retarget_lock_release_recursive
                0x08012934        0x2 /root/Downloads/arm-gnu-toolchain-13.2.Rel1-x86_64-arm-none-eabi/bin/../lib/gcc/arm-none-eabi/13.2.1/../../../../arm-none-eabi/lib/thumb/v7e-m+dp/hard/libc_nano.a(libc_a-lock.o)
                0x08012934                __retarget_lock_release_recursive
 *fill*         0x08012936        0x2 
 .text._close_r
                0x08012938       0x20 /root/Downloads/arm-gnu-toolchain-13.2.Rel1-x86_64-arm-none-eabi/bin/../lib/gcc/arm-none-eabi/13.2.1/../../../../arm-none-eabi/lib/thumb/v7e-m+dp/hard/libc_nano.a(libc_a-closer.o)
                0x08012938                _close_r
 .text.__sflush_r
                0x08012958      0x108 /root/Downloads/arm-gnu-toolchain-13.2.Rel1-x86_64-arm-none-eabi/bin/../lib/gcc/arm-none-eabi/13.2.1/../../../../arm-none-eabi/lib/thumb/v7e-m+dp/hard/libc_nano.a(libc_a-fflush.o)
                0x08012958                __sflush_r
 .text._fflush_r
                0x08012a60       0x50 /root/Downloads/arm-gnu-toolchain-13.2.Rel1-x86_64-arm-none-eabi/bin/../lib/gcc/arm-none-eabi/13.2.1/../../../../arm-none-eabi/lib/thumb/v7e-m+dp/hard/libc_nano.a(libc_a-fflush.o)
                0x08012a60                _fflush_r
 .text.malloc   0x08012ab0       0x10 /root/Downloads/arm-gnu-toolchain-13.2.Rel1-x86_64-arm-none-eabi/bin/../lib/gcc/arm-none-eabi/13.2.1/../../../../arm-none-eabi/lib/thumb/v7e-m+dp/hard/libc_nano.a(libc_a-malloc.o)
                0x08012ab0                malloc
 .text.sbrk_aligned
                0x08012ac0       0x44 /root/Downloads/arm-gnu-toolchain-13.2.Rel1-x86_64-arm-none-eabi/bin/../lib/gcc/arm-none-eabi/13.2.1/../../../../arm-none-eabi/lib/thumb/v7e-m+dp/hard/libc_nano.a(libc_a-mallocr.o)
 .text._malloc_r
                0x08012b04      0x100 /root/Downloads/arm-gnu-toolchain-13.2.Rel1-x86_64-arm-none-eabi/bin/../lib/gcc/arm-none-eabi/13.2.1/../../../../arm-none-eabi/lib/thumb/v7e-m+dp/hard/libc_nano.a(libc_a-mallocr.o)
                0x08012b04                _malloc_r
 .text.__assert_func
                0x08012c04       0x3c /root/Downloads/arm-gnu-toolchain-13.2.Rel1-x86_64-arm-none-eabi/bin/../lib/gcc/arm-none-eabi/13.2.1/../../../../arm-none-eabi/lib/thumb/v7e-m+dp/hard/libc_nano.a(libc_a-assert.o)
                0x08012c04                __assert_func
 .text._lseek_r
                0x08012c40       0x24 /root/Downloads/arm-gnu-toolchain-13.2.Rel1-x86_64-arm-none-eabi/bin/../lib/gcc/arm-none-eabi/13.2.1/../../../../arm-none-eabi/lib/thumb/v7e-m+dp/hard/libc_nano.a(libc_a-lseekr.o)
                0x08012c40                _lseek_r
 .text.fprintf  0x08012c64       0x24 /root/Downloads/arm-gnu-toolchain-13.2.Rel1-x86_64-arm-none-eabi/bin/../lib/gcc/arm-none-eabi/13.2.1/../../../../arm-none-eabi/lib/thumb/v7e-m+dp/hard/libc_nano.a(libc_a-fprintf.o)
                0x08012c64                fprintf
                0x08012c64                fiprintf
 .text.__malloc_lock
                0x08012c88        0xc /root/Downloads/arm-gnu-toolchain-13.2.Rel1-x86_64-arm-none-eabi/bin/../lib/gcc/arm-none-eabi/13.2.1/../../../../arm-none-eabi/lib/thumb/v7e-m+dp/hard/libc_nano.a(libc_a-mlock.o)
                0x08012c88                __malloc_lock
 .text.__malloc_unlock
                0x08012c94        0xc /root/Downloads/arm-gnu-toolchain-13.2.Rel1-x86_64-arm-none-eabi/bin/../lib/gcc/arm-none-eabi/13.2.1/../../../../arm-none-eabi/lib/thumb/v7e-m+dp/hard/libc_nano.a(libc_a-mlock.o)
                0x08012c94                __malloc_unlock
 .text._sbrk_r  0x08012ca0       0x20 /root/Downloads/arm-gnu-toolchain-13.2.Rel1-x86_64-arm-none-eabi/bin/../lib/gcc/arm-none-eabi/13.2.1/../../../../arm-none-eabi/lib/thumb/v7e-m+dp/hard/libc_nano.a(libc_a-sbrkr.o)
                0x08012ca0                _sbrk_r
 .text._free_r  0x08012cc0       0x94 /root/Downloads/arm-gnu-toolchain-13.2.Rel1-x86_64-arm-none-eabi/bin/../lib/gcc/arm-none-eabi/13.2.1/../../../../arm-none-eabi/lib/thumb/v7e-m+dp/hard/libc_nano.a(libc_a-freer.o)
                0x08012cc0                _free_r
 .text.__sfputc_r
                0x08012d54       0x2e /root/Downloads/arm-gnu-toolchain-13.2.Rel1-x86_64-arm-none-eabi/bin/../lib/gcc/arm-none-eabi/13.2.1/../../../../arm-none-eabi/lib/thumb/v7e-m+dp/hard/libc_nano.a(libc_a-nano-vfprintf.o)
 .text.__sfputs_r
                0x08012d82       0x24 /root/Downloads/arm-gnu-toolchain-13.2.Rel1-x86_64-arm-none-eabi/bin/../lib/gcc/arm-none-eabi/13.2.1/../../../../arm-none-eabi/lib/thumb/v7e-m+dp/hard/libc_nano.a(libc_a-nano-vfprintf.o)
                0x08012d82                __sfputs_r
 *fill*         0x08012da6        0x2 
 .text._vfprintf_r
                0x08012da8      0x230 /root/Downloads/arm-gnu-toolchain-13.2.Rel1-x86_64-arm-none-eabi/bin/../lib/gcc/arm-none-eabi/13.2.1/../../../../arm-none-eabi/lib/thumb/v7e-m+dp/hard/libc_nano.a(libc_a-nano-vfprintf.o)
                0x08012da8                _vfiprintf_r
                0x08012da8                _vfprintf_r
 .text.__swbuf_r
                0x08012fd8       0x7c /root/Downloads/arm-gnu-toolchain-13.2.Rel1-x86_64-arm-none-eabi/bin/../lib/gcc/arm-none-eabi/13.2.1/../../../../arm-none-eabi/lib/thumb/v7e-m+dp/hard/libc_nano.a(libc_a-wbuf.o)
                0x08012fd8                __swbuf_r
 .text.__swsetup_r
                0x08013054       0xac /root/Downloads/arm-gnu-toolchain-13.2.Rel1-x86_64-arm-none-eabi/bin/../lib/gcc/arm-none-eabi/13.2.1/../../../../arm-none-eabi/lib/thumb/v7e-m+dp/hard/libc_nano.a(libc_a-wsetup.o)
                0x08013054                __swsetup_r
 .text._printf_common
                0x08013100       0xda /root/Downloads/arm-gnu-toolchain-13.2.Rel1-x86_64-arm-none-eabi/bin/../lib/gcc/arm-none-eabi/13.2.1/../../../../arm-none-eabi/lib/thumb/v7e-m+dp/hard/libc_nano.a(libc_a-nano-vfprintf_i.o)
                0x08013100                _printf_common
 *fill*         0x080131da        0x2 
 .text._printf_i
                0x080131dc      0x23c /root/Downloads/arm-gnu-toolchain-13.2.Rel1-x86_64-arm-none-eabi/bin/../lib/gcc/arm-none-eabi/13.2.1/../../../../arm-none-eabi/lib/thumb/v7e-m+dp/hard/libc_nano.a(libc_a-nano-vfprintf_i.o)
                0x080131dc                _printf_i
 .text.abort    0x08013418        0xe /root/Downloads/arm-gnu-toolchain-13.2.Rel1-x86_64-arm-none-eabi/bin/../lib/gcc/arm-none-eabi/13.2.1/../../../../arm-none-eabi/lib/thumb/v7e-m+dp/hard/libc_nano.a(libc_a-abort.o)
                0x08013418                abort
 .text.__swhatbuf_r
                0x08013426       0x4c /root/Downloads/arm-gnu-toolchain-13.2.Rel1-x86_64-arm-none-eabi/bin/../lib/gcc/arm-none-eabi/13.2.1/../../../../arm-none-eabi/lib/thumb/v7e-m+dp/hard/libc_nano.a(libc_a-makebuf.o)
                0x08013426                __swhatbuf_r
 .text.__smakebuf_r
                0x08013472       0x78 /root/Downloads/arm-gnu-toolchain-13.2.Rel1-x86_64-arm-none-eabi/bin/../lib/gcc/arm-none-eabi/13.2.1/../../../../arm-none-eabi/lib/thumb/v7e-m+dp/hard/libc_nano.a(libc_a-makebuf.o)
                0x08013472                __smakebuf_r
 .text._raise_r
                0x080134ea       0x50 /root/Downloads/arm-gnu-toolchain-13.2.Rel1-x86_64-arm-none-eabi/bin/../lib/gcc/arm-none-eabi/13.2.1/../../../../arm-none-eabi/lib/thumb/v7e-m+dp/hard/libc_nano.a(libc_a-signal.o)
                0x080134ea                _raise_r
 *fill*         0x0801353a        0x2 
 .text.raise    0x0801353c       0x10 /root/Downloads/arm-gnu-toolchain-13.2.Rel1-x86_64-arm-none-eabi/bin/../lib/gcc/arm-none-eabi/13.2.1/../../../../arm-none-eabi/lib/thumb/v7e-m+dp/hard/libc_nano.a(libc_a-signal.o)
                0x0801353c                raise
 .text._fstat_r
                0x0801354c       0x24 /root/Downloads/arm-gnu-toolchain-13.2.Rel1-x86_64-arm-none-eabi/bin/../lib/gcc/arm-none-eabi/13.2.1/../../../../arm-none-eabi/lib/thumb/v7e-m+dp/hard/libc_nano.a(libc_a-fstatr.o)
                0x0801354c                _fstat_r
 .text._isatty_r
                0x08013570       0x20 /root/Downloads/arm-gnu-toolchain-13.2.Rel1-x86_64-arm-none-eabi/bin/../lib/gcc/arm-none-eabi/13.2.1/../../../../arm-none-eabi/lib/thumb/v7e-m+dp/hard/libc_nano.a(libc_a-isattyr.o)
                0x08013570                _isatty_r
 .text._kill_r  0x08013590       0x24 /root/Downloads/arm-gnu-toolchain-13.2.Rel1-x86_64-arm-none-eabi/bin/../lib/gcc/arm-none-eabi/13.2.1/../../../../arm-none-eabi/lib/thumb/v7e-m+dp/hard/libc_nano.a(libc_a-signalr.o)
                0x08013590                _kill_r
 .text._getpid_r
                0x080135b4        0x4 /root/Downloads/arm-gnu-toolchain-13.2.Rel1-x86_64-arm-none-eabi/bin/../lib/gcc/arm-none-eabi/13.2.1/../../../../arm-none-eabi/lib/thumb/v7e-m+dp/hard/libc_nano.a(libc_a-signalr.o)
                0x080135b4                _getpid_r
 .text._getpid  0x080135b8       0x10 /root/Downloads/arm-gnu-toolchain-13.2.Rel1-x86_64-arm-none-eabi/bin/../lib/gcc/arm-none-eabi/13.2.1/../../../../arm-none-eabi/lib/thumb/v7e-m+dp/hard/libnosys.a(getpid.o)
                0x080135b8                _getpid
 .text._kill    0x080135c8       0x10 /root/Downloads/arm-gnu-toolchain-13.2.Rel1-x86_64-arm-none-eabi/bin/../lib/gcc/arm-none-eabi/13.2.1/../../../../arm-none-eabi/lib/thumb/v7e-m+dp/hard/libnosys.a(kill.o)
                0x080135c8                _kill
 *(.glue_7)
 .glue_7        0x080135d8        0x0 linker stubs
 *(.glue_7t)
 .glue_7t       0x080135d8        0x0 linker stubs
 *(.eh_frame)
 .eh_frame      0x080135d8        0x0 /root/Downloads/arm-gnu-toolchain-13.2.Rel1-x86_64-arm-none-eabi/bin/../lib/gcc/arm-none-eabi/13.2.1/thumb/v7e-m+dp/hard/crtbegin.o
 *(.init)
 .init          0x080135d8        0x4 /root/Downloads/arm-gnu-toolchain-13.2.Rel1-x86_64-arm-none-eabi/bin/../lib/gcc/arm-none-eabi/13.2.1/thumb/v7e-m+dp/hard/crti.o
                0x080135d8                _init
 .init          0x080135dc        0x8 /root/Downloads/arm-gnu-toolchain-13.2.Rel1-x86_64-arm-none-eabi/bin/../lib/gcc/arm-none-eabi/13.2.1/thumb/v7e-m+dp/hard/crtn.o
 *(.fini)
 .fini          0x080135e4        0x4 /root/Downloads/arm-gnu-toolchain-13.2.Rel1-x86_64-arm-none-eabi/bin/../lib/gcc/arm-none-eabi/13.2.1/thumb/v7e-m+dp/hard/crti.o
                0x080135e4                _fini
 .fini          0x080135e8        0x8 /root/Downloads/arm-gnu-toolchain-13.2.Rel1-x86_64-arm-none-eabi/bin/../lib/gcc/arm-none-eabi/13.2.1/thumb/v7e-m+dp/hard/crtn.o
                0x080135f0                        . = ALIGN (0x4)
                0x080135f0                        _etext = .

.vfp11_veneer   0x080135f0        0x0
 .vfp11_veneer  0x080135f0        0x0 linker stubs

.v4_bx          0x080135f0        0x0
 .v4_bx         0x080135f0        0x0 linker stubs

.iplt           0x080135f0        0x0
 .iplt          0x080135f0        0x0 /root/Downloads/arm-gnu-toolchain-13.2.Rel1-x86_64-arm-none-eabi/bin/../lib/gcc/arm-none-eabi/13.2.1/thumb/v7e-m+dp/hard/crtbegin.o

.rodata         0x080135f0    0x1ca30
                0x080135f0                        . = ALIGN (0x4)
 *(.rodata)
 .rodata        0x080135f0       0x44 src/newvotrax.o
 .rodata        0x08013634       0x9c src/nvp.o
 *(.rodata*)
 .rodata.ourtable
                0x080136d0      0x800 src/main.o
                0x080136d0                ourtable
 .rodata.crowtable_slower
                0x08013ed0      0x46c src/main.o
                0x08013ed0                crowtable_slower
 .rodata.crowtable
                0x0801433c      0x238 src/main.o
                0x0801433c                crowtable
 .rodata.plaguetable_simplesir
                0x08014574      0x520 src/main.o
                0x08014574                plaguetable_simplesir
 .rodata.table_fletcher000
                0x08014a94      0x18c src/main.o
                0x08014a94                table_fletcher000
 .rodata.table_kahrs000
                0x08014c20      0x280 src/main.o
                0x08014c20                table_kahrs000
 .rodata.wormlist
                0x08014ea0       0x80 src/audio.o
 .rodata.LF2    0x08014f20       0x14 src/audio.o
 .rodata.klglottt
                0x08014f34       0x14 src/audio.o
 .rodata.shimmer
                0x08014f48       0x14 src/audio.o
 .rodata.rosen  0x08014f5c       0x14 src/audio.o
 .rodata.LFF    0x08014f70       0x14 src/audio.o
 .rodata.balloner
                0x08014f84       0x14 src/audio.o
 .rodata.gardner
                0x08014f98       0x14 src/audio.o
 .rodata.mindlin
                0x08014fac       0x14 src/audio.o
 .rodata.tuber  0x08014fc0       0x14 src/audio.o
 .rodata.impulsz
                0x08014fd4       0x14 src/audio.o
 .rodata.nater  0x08014fe8       0x14 src/audio.o
 .rodata.smper  0x08014ffc       0x14 src/audio.o
 .rodata.impulser
                0x08015010       0x14 src/audio.o
 .rodata.votgloter
                0x08015024       0x14 src/audio.o
 .rodata.chirper
                0x08015038       0x14 src/audio.o
 .rodata.waver5
                0x0801504c       0x14 src/audio.o
 .rodata.waver4
                0x08015060       0x14 src/audio.o
 .rodata.waver3
                0x08015074       0x14 src/audio.o
 .rodata.waver2
                0x08015088       0x14 src/audio.o
 .rodata.waver1
                0x0801509c       0x14 src/audio.o
 .rodata.waver  0x080150b0       0x14 src/audio.o
 .rodata.nvperv
                0x080150c4       0x14 src/audio.o
 .rodata.nvper  0x080150d8       0x14 src/audio.o
 .rodata.klatter
                0x080150ec       0x14 src/audio.o
 .rodata.rsynthy1
                0x08015100       0x14 src/audio.o
 .rodata.rsynthy
                0x08015114       0x14 src/audio.o
 .rodata.votraxGer
                0x08015128       0x14 src/audio.o
 .rodata.votraxer
                0x0801513c       0x14 src/audio.o
 .rodata.sp0256er1
                0x08015150       0x14 src/audio.o
 .rodata.sp0256er
                0x08015164       0x14 src/audio.o
 .rodata.tmsphoner
                0x08015178       0x14 src/audio.o
 .rodata.tmser  0x0801518c       0x14 src/audio.o
 .rodata.reload_table
                0x080151a0        0x4 src/tms5200x.o
 .rodata.vocab_vocaid
                0x080151a4       0x10 src/tms5200x.o
                0x080151a4                vocab_vocaid
 .rodata.vocab_alphons
                0x080151b4       0x10 src/tms5200x.o
                0x080151b4                vocab_alphons
 .rodata.sp_spkvocaid123
                0x080151c4       0x58 src/tms5200x.o
                0x080151c4                sp_spkvocaid123
 .rodata.sp_spkvocaid122
                0x0801521c       0x63 src/tms5200x.o
                0x0801521c                sp_spkvocaid122
 *fill*         0x0801527f        0x1 
 .rodata.sp_spkvocaid121
                0x08015280       0x62 src/tms5200x.o
                0x08015280                sp_spkvocaid121
 *fill*         0x080152e2        0x2 
 .rodata.sp_spkvocaid120
                0x080152e4       0x61 src/tms5200x.o
                0x080152e4                sp_spkvocaid120
 *fill*         0x08015345        0x3 
 .rodata.sp_spkvocaid119
                0x08015348       0x8f src/tms5200x.o
                0x08015348                sp_spkvocaid119
 *fill*         0x080153d7        0x1 
 .rodata.sp_spkvocaid118
                0x080153d8       0xee src/tms5200x.o
                0x080153d8                sp_spkvocaid118
 *fill*         0x080154c6        0x2 
 .rodata.sp_spkvocaid117
                0x080154c8       0x53 src/tms5200x.o
                0x080154c8                sp_spkvocaid117
 *fill*         0x0801551b        0x1 
 .rodata.sp_spkvocaid116
                0x0801551c       0x73 src/tms5200x.o
                0x0801551c                sp_spkvocaid116
 *fill*         0x0801558f        0x1 
 .rodata.sp_spkvocaid115
                0x08015590       0x7b src/tms5200x.o
                0x08015590                sp_spkvocaid115
 *fill*         0x0801560b        0x1 
 .rodata.sp_spkvocaid114
                0x0801560c       0x5c src/tms5200x.o
                0x0801560c                sp_spkvocaid114
 .rodata.sp_spkvocaid113
                0x08015668       0x69 src/tms5200x.o
                0x08015668                sp_spkvocaid113
 *fill*         0x080156d1        0x3 
 .rodata.sp_spkvocaid112
                0x080156d4       0x7f src/tms5200x.o
                0x080156d4                sp_spkvocaid112
 *fill*         0x08015753        0x1 
 .rodata.sp_spkvocaid111
                0x08015754       0x92 src/tms5200x.o
                0x08015754                sp_spkvocaid111
 *fill*         0x080157e6        0x2 
 .rodata.sp_spkvocaid110
                0x080157e8       0x95 src/tms5200x.o
                0x080157e8                sp_spkvocaid110
 *fill*         0x0801587d        0x3 
 .rodata.sp_spkvocaid109
                0x08015880       0xeb src/tms5200x.o
                0x08015880                sp_spkvocaid109
 *fill*         0x0801596b        0x1 
 .rodata.sp_spkvocaid108
                0x0801596c       0x81 src/tms5200x.o
                0x0801596c                sp_spkvocaid108
 *fill*         0x080159ed        0x3 
 .rodata.sp_spkvocaid107
                0x080159f0       0x89 src/tms5200x.o
                0x080159f0                sp_spkvocaid107
 *fill*         0x08015a79        0x3 
 .rodata.sp_spkvocaid106
                0x08015a7c       0x5d src/tms5200x.o
                0x08015a7c                sp_spkvocaid106
 *fill*         0x08015ad9        0x3 
 .rodata.sp_spkvocaid105
                0x08015adc       0x5c src/tms5200x.o
                0x08015adc                sp_spkvocaid105
 .rodata.sp_spkvocaid104
                0x08015b38       0x6c src/tms5200x.o
                0x08015b38                sp_spkvocaid104
 .rodata.sp_spkvocaid103
                0x08015ba4       0x86 src/tms5200x.o
                0x08015ba4                sp_spkvocaid103
 *fill*         0x08015c2a        0x2 
 .rodata.sp_spkvocaid102
                0x08015c2c       0xa8 src/tms5200x.o
                0x08015c2c                sp_spkvocaid102
 .rodata.sp_spkvocaid101
                0x08015cd4       0x74 src/tms5200x.o
                0x08015cd4                sp_spkvocaid101
 .rodata.sp_spkvocaid100
                0x08015d48       0x41 src/tms5200x.o
                0x08015d48                sp_spkvocaid100
 *fill*         0x08015d89        0x3 
 .rodata.sp_spkvocaid99
                0x08015d8c       0xec src/tms5200x.o
                0x08015d8c                sp_spkvocaid99
 .rodata.sp_spkvocaid98
                0x08015e78      0x120 src/tms5200x.o
                0x08015e78                sp_spkvocaid98
 .rodata.sp_spkvocaid97
                0x08015f98      0x166 src/tms5200x.o
                0x08015f98                sp_spkvocaid97
 *fill*         0x080160fe        0x2 
 .rodata.sp_spkvocaid96
                0x08016100       0x8d src/tms5200x.o
                0x08016100                sp_spkvocaid96
 *fill*         0x0801618d        0x3 
 .rodata.sp_spkvocaid95
                0x08016190       0x5f src/tms5200x.o
                0x08016190                sp_spkvocaid95
 *fill*         0x080161ef        0x1 
 .rodata.sp_spkvocaid94
                0x080161f0       0x65 src/tms5200x.o
                0x080161f0                sp_spkvocaid94
 *fill*         0x08016255        0x3 
 .rodata.sp_spkvocaid93
                0x08016258       0x63 src/tms5200x.o
                0x08016258                sp_spkvocaid93
 *fill*         0x080162bb        0x1 
 .rodata.sp_spkvocaid92
                0x080162bc       0x39 src/tms5200x.o
                0x080162bc                sp_spkvocaid92
 *fill*         0x080162f5        0x3 
 .rodata.sp_spkvocaid91
                0x080162f8       0x80 src/tms5200x.o
                0x080162f8                sp_spkvocaid91
 .rodata.sp_spkvocaid90
                0x08016378       0x5e src/tms5200x.o
                0x08016378                sp_spkvocaid90
 *fill*         0x080163d6        0x2 
 .rodata.sp_spkvocaid89
                0x080163d8       0x63 src/tms5200x.o
                0x080163d8                sp_spkvocaid89
 *fill*         0x0801643b        0x1 
 .rodata.sp_spkvocaid88
                0x0801643c       0x46 src/tms5200x.o
                0x0801643c                sp_spkvocaid88
 *fill*         0x08016482        0x2 
 .rodata.sp_spkvocaid87
                0x08016484       0x4d src/tms5200x.o
                0x08016484                sp_spkvocaid87
 *fill*         0x080164d1        0x3 
 .rodata.sp_spkvocaid86
                0x080164d4       0x4b src/tms5200x.o
                0x080164d4                sp_spkvocaid86
 *fill*         0x0801651f        0x1 
 .rodata.sp_spkvocaid85
                0x08016520       0x52 src/tms5200x.o
                0x08016520                sp_spkvocaid85
 *fill*         0x08016572        0x2 
 .rodata.sp_spkvocaid84
                0x08016574       0x59 src/tms5200x.o
                0x08016574                sp_spkvocaid84
 *fill*         0x080165cd        0x3 
 .rodata.sp_spkvocaid83
                0x080165d0       0x4d src/tms5200x.o
                0x080165d0                sp_spkvocaid83
 *fill*         0x0801661d        0x3 
 .rodata.sp_spkvocaid82
                0x08016620       0x54 src/tms5200x.o
                0x08016620                sp_spkvocaid82
 .rodata.sp_spkvocaid81
                0x08016674       0x48 src/tms5200x.o
                0x08016674                sp_spkvocaid81
 .rodata.sp_spkvocaid80
                0x080166bc       0x54 src/tms5200x.o
                0x080166bc                sp_spkvocaid80
 .rodata.sp_spkvocaid79
                0x08016710       0x43 src/tms5200x.o
                0x08016710                sp_spkvocaid79
 *fill*         0x08016753        0x1 
 .rodata.sp_spkvocaid78
                0x08016754       0x59 src/tms5200x.o
                0x08016754                sp_spkvocaid78
 *fill*         0x080167ad        0x3 
 .rodata.sp_spkvocaid77
                0x080167b0       0x51 src/tms5200x.o
                0x080167b0                sp_spkvocaid77
 *fill*         0x08016801        0x3 
 .rodata.sp_spkvocaid76
                0x08016804       0x41 src/tms5200x.o
                0x08016804                sp_spkvocaid76
 *fill*         0x08016845        0x3 
 .rodata.sp_spkvocaid75
                0x08016848       0x44 src/tms5200x.o
                0x08016848                sp_spkvocaid75
 .rodata.sp_spkvocaid74
                0x0801688c       0x46 src/tms5200x.o
                0x0801688c                sp_spkvocaid74
 *fill*         0x080168d2        0x2 
 .rodata.sp_spkvocaid73
                0x080168d4       0x53 src/tms5200x.o
                0x080168d4                sp_spkvocaid73
 *fill*         0x08016927        0x1 
 .rodata.sp_spkvocaid72
                0x08016928       0x4b src/tms5200x.o
                0x08016928                sp_spkvocaid72
 *fill*         0x08016973        0x1 
 .rodata.sp_spkvocaid71
                0x08016974       0x51 src/tms5200x.o
                0x08016974                sp_spkvocaid71
 *fill*         0x080169c5        0x3 
 .rodata.sp_spkvocaid70
                0x080169c8       0x4d src/tms5200x.o
                0x080169c8                sp_spkvocaid70
 *fill*         0x08016a15        0x3 
 .rodata.sp_spkvocaid69
                0x08016a18       0x58 src/tms5200x.o
                0x08016a18                sp_spkvocaid69
 .rodata.sp_spkvocaid68
                0x08016a70       0x73 src/tms5200x.o
                0x08016a70                sp_spkvocaid68
 *fill*         0x08016ae3        0x1 
 .rodata.sp_spkvocaid67
                0x08016ae4       0x7f src/tms5200x.o
                0x08016ae4                sp_spkvocaid67
 *fill*         0x08016b63        0x1 
 .rodata.sp_spkvocaid66
                0x08016b64       0x73 src/tms5200x.o
                0x08016b64                sp_spkvocaid66
 *fill*         0x08016bd7        0x1 
 .rodata.sp_spkvocaid65
                0x08016bd8       0x5a src/tms5200x.o
                0x08016bd8                sp_spkvocaid65
 *fill*         0x08016c32        0x2 
 .rodata.sp_spkvocaid64
                0x08016c34       0x39 src/tms5200x.o
                0x08016c34                sp_spkvocaid64
 *fill*         0x08016c6d        0x3 
 .rodata.sp_spkvocaid63
                0x08016c70       0x4d src/tms5200x.o
                0x08016c70                sp_spkvocaid63
 *fill*         0x08016cbd        0x3 
 .rodata.sp_spkvocaid62
                0x08016cc0       0x48 src/tms5200x.o
                0x08016cc0                sp_spkvocaid62
 .rodata.sp_spkvocaid61
                0x08016d08       0x58 src/tms5200x.o
                0x08016d08                sp_spkvocaid61
 .rodata.sp_spkvocaid60
                0x08016d60       0x78 src/tms5200x.o
                0x08016d60                sp_spkvocaid60
 .rodata.sp_spkvocaid59
                0x08016dd8       0x3c src/tms5200x.o
                0x08016dd8                sp_spkvocaid59
 .rodata.sp_spkvocaid58
                0x08016e14       0x5b src/tms5200x.o
                0x08016e14                sp_spkvocaid58
 *fill*         0x08016e6f        0x1 
 .rodata.sp_spkvocaid57
                0x08016e70       0x65 src/tms5200x.o
                0x08016e70                sp_spkvocaid57
 *fill*         0x08016ed5        0x3 
 .rodata.sp_spkvocaid56
                0x08016ed8       0xa2 src/tms5200x.o
                0x08016ed8                sp_spkvocaid56
 *fill*         0x08016f7a        0x2 
 .rodata.sp_spkvocaid55
                0x08016f7c       0x7b src/tms5200x.o
                0x08016f7c                sp_spkvocaid55
 *fill*         0x08016ff7        0x1 
 .rodata.sp_spkvocaid54
                0x08016ff8       0x46 src/tms5200x.o
                0x08016ff8                sp_spkvocaid54
 *fill*         0x0801703e        0x2 
 .rodata.sp_spkvocaid53
                0x08017040       0x52 src/tms5200x.o
                0x08017040                sp_spkvocaid53
 *fill*         0x08017092        0x2 
 .rodata.sp_spkvocaid52
                0x08017094       0x3f src/tms5200x.o
                0x08017094                sp_spkvocaid52
 *fill*         0x080170d3        0x1 
 .rodata.sp_spkvocaid51
                0x080170d4       0x43 src/tms5200x.o
                0x080170d4                sp_spkvocaid51
 *fill*         0x08017117        0x1 
 .rodata.sp_spkvocaid50
                0x08017118       0x62 src/tms5200x.o
                0x08017118                sp_spkvocaid50
 *fill*         0x0801717a        0x2 
 .rodata.sp_spkvocaid49
                0x0801717c       0x34 src/tms5200x.o
                0x0801717c                sp_spkvocaid49
 .rodata.sp_spkvocaid48
                0x080171b0       0x47 src/tms5200x.o
                0x080171b0                sp_spkvocaid48
 *fill*         0x080171f7        0x1 
 .rodata.sp_spkvocaid47
                0x080171f8       0x73 src/tms5200x.o
                0x080171f8                sp_spkvocaid47
 *fill*         0x0801726b        0x1 
 .rodata.sp_spkvocaid46
                0x0801726c       0x80 src/tms5200x.o
                0x0801726c                sp_spkvocaid46
 .rodata.sp_spkvocaid45
                0x080172ec       0x92 src/tms5200x.o
                0x080172ec                sp_spkvocaid45
 *fill*         0x0801737e        0x2 
 .rodata.sp_spkvocaid44
                0x08017380       0x75 src/tms5200x.o
                0x08017380                sp_spkvocaid44
 *fill*         0x080173f5        0x3 
 .rodata.sp_spkvocaid43
                0x080173f8       0x3a src/tms5200x.o
                0x080173f8                sp_spkvocaid43
 *fill*         0x08017432        0x2 
 .rodata.sp_spkvocaid42
                0x08017434       0x38 src/tms5200x.o
                0x08017434                sp_spkvocaid42
 .rodata.sp_spkvocaid41
                0x0801746c       0x9d src/tms5200x.o
                0x0801746c                sp_spkvocaid41
 *fill*         0x08017509        0x3 
 .rodata.sp_spkvocaid40
                0x0801750c       0x5e src/tms5200x.o
                0x0801750c                sp_spkvocaid40
 *fill*         0x0801756a        0x2 
 .rodata.sp_spkvocaid39
                0x0801756c       0x63 src/tms5200x.o
                0x0801756c                sp_spkvocaid39
 *fill*         0x080175cf        0x1 
 .rodata.sp_spkvocaid38
                0x080175d0       0x75 src/tms5200x.o
                0x080175d0                sp_spkvocaid38
 *fill*         0x08017645        0x3 
 .rodata.sp_spkvocaid37
                0x08017648       0xd3 src/tms5200x.o
                0x08017648                sp_spkvocaid37
 *fill*         0x0801771b        0x1 
 .rodata.sp_spkvocaid36
                0x0801771c       0x6a src/tms5200x.o
                0x0801771c                sp_spkvocaid36
 *fill*         0x08017786        0x2 
 .rodata.sp_spkvocaid35
                0x08017788      0x139 src/tms5200x.o