src/newvotrax.c:109:6:writer	0	static
src/newvotrax.c:132:6:inflection_w	0	static
src/newvotrax.c:152:6:device_start	0	static
src/newvotrax.c:220:6:phone_commit	48	static
src/newvotrax.c:676:5:analog_calc	4	static
src/newvotrax.c:1133:6:build_standard_filter	40	static
src/newvotrax.c:1192:6:build_lowpass_filter	32	static
src/newvotrax.c:1242:6:build_noise_shaper_filter	40	static
src/newvotrax.c:599:6:filters_commit	128	static
src/newvotrax.c:168:6:device_reset	16	static
src/newvotrax.c:280:6:chip_update_bend	24	static
src/newvotrax.c:377:6:chip_update_raw	16	static
src/newvotrax.c:408:6:chip_update	24	static
src/newvotrax.c:511:6:chip_updateTTS	24	static
src/newvotrax.c:1296:6:build_injection_filter	0	static
src/newvotrax.c:1328:6:generate_votrax_samples	16	static
src/newvotrax.c:1351:6:votrax_init	8	static
src/newvotrax.c:1362:6:votrax_newsay	16	static
src/newvotrax.c:1378:6:votrax_newsay_sing	16	static
src/newvotrax.c:1395:9:votrax_get_sample	16	static
src/newvotrax.c:1409:9:votrax_get_sample_sing	16	static
src/newvotrax.c:1423:9:votrax_get_sample_rawparam	8	static
src/newvotrax.c:1433:6:votrax_rawparam_newsay	0	static
src/newvotrax.c:1438:6:votrax_newsay_bend	24	static
src/newvotrax.c:1464:6:votrax_newsay_bendr	0	static
src/newvotrax.c:1469:9:votrax_get_sample_bend	16	static
src/newvotrax.c:1488:6:votrax_newsaygorf	24	static
src/newvotrax.c:1511:6:votrax_newsaygorfr	0	static
src/newvotrax.c:1515:6:votrax_newsaywow	24	static
src/newvotrax.c:1543:6:votrax_newsaywowr	0	static
src/newvotrax.c:1547:6:votrax_newsaywow_bendfilter	24	static
src/newvotrax.c:1572:6:votrax_newsaywow_bendfilterr	0	static
src/newvotrax.c:1576:9:votrax_get_samplegorf	16	static
src/newvotrax.c:1592:9:votrax_get_samplewow_bendfilter	16	static
src/newvotrax.c:1608:9:votrax_get_samplewow	16	static
src/newvotrax.c:1624:6:votrax_newsayTTS	16	static
src/newvotrax.c:1642:6:votrax_retriggerTTS	16	static
src/newvotrax.c:1658:9:votrax_get_sampleTTS	16	static
