src/nvp.c:117:7:calculateValueAtFadePosition	0	static
src/nvp.c:157:7:getNextNOISE	8	static
src/nvp.c:165:7:getNextFREQ	8	static
src/nvp.c:173:7:getNextVOICE	24	static
src/nvp.c:203:6:INITRES	0	static
src/nvp.c:210:6:setParamsRES	24	static
src/nvp.c:227:7:resonateRES	16	static
src/nvp.c:235:8:getNextCASC	32	static
src/nvp.c:249:8:getNextPARALLEL	32	static
src/nvp.c:266:6:init_nvp	168	static
src/nvp.c:304:6:change_nvpparams	0	static
src/nvp.c:341:6:nvp_init	8	static
src/nvp.c:348:6:nvp_newsay	16	static
src/nvp.c:379:6:nvp_newsay_vocab	32	static
src/nvp.c:429:6:nvp_newsay_vocab_trigger	24	static
src/nvp.c:469:9:nvp_get_sample	24	static
src/nvp.c:515:9:nvp_get_sample_vocab	24	static
src/nvp.c:559:9:nvp_get_sample_vocab_sing	24	static
