src/tms5200x.c:267:5:extract_bits	16	static
src/tms5200x.c:357:7:lattice_filter	112	static
src/tms5200x.c:409:6:parse_frame	24	static
src/tms5200x.c:465:6:parse_frame_bend_5200	32	static
src/tms5200x.c:555:6:parse_frame_raw_5100	16	static
src/tms5200x.c:610:6:parse_frame_raw_5200	16	static
src/tms5200x.c:652:9:process	56	static
src/tms5200x.c:900:9:process_k_tabled5100	48	static
src/tms5200x.c:1039:9:process_pitchk_tabled5100	56	static
src/tms5200x.c:1192:9:process_pitch_tabled5100	40	static
src/tms5200x.c:1333:9:processbend5100	64	static
src/tms5200x.c:1570:9:process5100raw	56	static
src/tms5200x.c:1757:9:process5100raw_no_inter	16	static
src/tms5200x.c:1861:6:tms_newsay	8	static
src/tms5200x.c:1889:6:tms_newsay_lowbit	16	static
src/tms5200x.c:1915:6:tms_newsay_allphon	4	static
src/tms5200x.c:1829:6:tms_init	8	static
src/tms5200x.c:1931:6:tms_newsay_TTS	24	static
src/tms5200x.c:1950:6:tms_retriggerTTS	24	static
src/tms5200x.c:1964:6:tms_newsay_raw5100	4	static
src/tms5200x.c:1974:6:tms_newsay_raw5200	4	static
src/tms5200x.c:1984:6:tms_newsay_raw5220	4	static
src/tms5200x.c:1994:6:tms_newsay_specific	4	static
src/tms5200x.c:2013:6:tms_newsay_specifica	8	static
src/tms5200x.c:2017:6:tms_newsay_specificx	8	static
src/tms5200x.c:2022:6:tms_newsay_specific5100	8	static
src/tms5200x.c:2028:9:tms_get_sample_allphon	24	static
src/tms5200x.c:2038:9:tms_get_sample_allphon_sing	24	static
src/tms5200x.c:2049:9:tms_get_sample	24	static
src/tms5200x.c:2060:9:tms_get_sample_sing	24	static
src/tms5200x.c:2070:9:tms_get_sample_lowbit	24	static
src/tms5200x.c:2080:9:tms_get_sample_TTS	24	static
src/tms5200x.c:2090:9:tms_get_sample_bendlength	24	static
src/tms5200x.c:2100:9:tms_get_sample_raw5100	0	static
src/tms5200x.c:2108:9:tms_get_sample_raw5200	0	static
src/tms5200x.c:2116:9:tms_get_sample_raw5220	0	static
src/tms5200x.c:2126:9:tms_get_sample_bend5100	24	static
src/tms5200x.c:2137:9:tms_get_sample_bend5100w	16	static
src/tms5200x.c:2141:9:tms_get_sample_bend5200	24	static
src/tms5200x.c:2152:9:tms_get_sample_bend5200a	16	static
src/tms5200x.c:2156:9:tms_get_sample_bend5200x	16	static
src/tms5200x.c:2161:9:tms_get_sample_5100pitchtable	24	static
src/tms5200x.c:2172:9:tms_get_sample_5100pitchtablew	16	static
src/tms5200x.c:2176:9:tms_get_sample_5200pitchtable	24	static
src/tms5200x.c:2187:9:tms_get_sample_5200pitchtablea	16	static
src/tms5200x.c:2191:9:tms_get_sample_5200pitchtablex	16	static
src/tms5200x.c:2196:9:tms_get_sample_5100ktable	24	static
src/tms5200x.c:2207:9:tms_get_sample_5100ktablew	16	static
src/tms5200x.c:2211:9:tms_get_sample_5200ktable	24	static
src/tms5200x.c:2222:9:tms_get_sample_5200ktablea	16	static
src/tms5200x.c:2226:9:tms_get_sample_5100kandpitchtable	24	static
src/tms5200x.c:2250:9:tms_get_sample_5100kandpitchtablew	16	static
src/tms5200x.c:2254:9:tms_get_sample_5200kandpitchtable	24	static
src/tms5200x.c:2265:9:tms_get_sample_5200kandpitchtablea	16	static
src/tms5200x.c:2275:9:tms_get_sample_5200kandpitchtablex	16	static
