src/tube.c:427:6:initializeWavetable	32	static
src/tube.c:462:6:updateWavetable	0	static
src/tube.c:518:7:noise	0	static
src/tube.c:527:7:noiseFilter	0	static
src/tube.c:536:6:initializeMouthCoefficients	4	static
src/tube.c:546:7:reflectionFilter	0	static
src/tube.c:556:7:radiationFilter	0	static
src/tube.c:567:6:initializeNasalFilterCoefficients	4	static
src/tube.c:577:7:nasalReflectionFilter	0	static
src/tube.c:586:7:nasalRadiationFilter	0	static
src/tube.c:605:6:tube_newsay	24	static
src/tube.c:627:6:tube_newsay_xy	24	static
src/tube.c:681:6:tube_newsay_bend	16	static
src/tube.c:721:6:tube_newsay_raw	16	static
src/tube.c:752:6:tube_newsay_sing	16	static
src/tube.c:1115:6:initializeNasalCavity	0	static
src/tube.c:1135:6:initializeThroat	0	static
src/tube.c:1144:6:calculateTubeCoefficients	4	static
src/tube.c:1177:6:setFricationTaps	8	static
src/tube.c:1202:6:calculateBandpassCoefficients	16	static
src/tube.c:1216:7:mod0	0	static
src/tube.c:1225:6:incrementTablePosition	0	static
src/tube.c:1260:7:oscillator	0	static
src/tube.c:777:9:tube_get_sample	40	static
src/tube.c:1280:7:vocalTract	36	static
src/tube.c:1388:7:throaty	0	static
src/tube.c:1398:7:bandpassFilter	4	static
src/tube.c:1045:9:tube_get_sample_sing	32	static
src/tube.c:840:9:tube_get_sample_xy	40	static
src/tube.c:904:9:tube_get_sample_bend	32	static
src/tube.c:971:9:tube_get_sample_raw	40	static
src/tube.c:1416:7:amplitude	0	static
src/tube.c:1434:7:frequency	8	static
src/tube.c:1518:6:trim	0	static
src/tube.c:1531:6:rationalApproximation	12	static
src/tube.c:1440:5:maximallyFlat.part.0.constprop	1688	static
src/tube.c:1440:5:maximallyFlat	0	static
src/tube.c:483:6:initializeFIR	824	static
src/tube.c:403:6:tube_init	8	static
src/tube.c:1581:7:FIRFilter	12	static
src/tube.c:1614:5:increment	0	static
src/tube.c:1623:5:decrement	0	static
